###############################################################################
#
# IAR ELF Linker V8.40.2.214/W32 for ARM                  16/Jul/2026  01:03:10
# Copyright 2007-2019 IAR Systems AB.
#
#    Output file  =
#        D:\NXP_S32K144_AutoSAR_Development\NXP_S32K144_AutoSAR_Development\01_Software\IAR\Debug\Exe\S32K144_IAR_Start.elf
#    Map file     =
#        D:\NXP_S32K144_AutoSAR_Development\NXP_S32K144_AutoSAR_Development\01_Software\IAR\Debug\List\S32K144_IAR_Start.map
#    Command line =
#        -f C:\Users\Frank\AppData\Local\Temp\EWF525.tmp
#        (D:\NXP_S32K144_AutoSAR_Development\NXP_S32K144_AutoSAR_Development\01_Software\IAR\Debug\Obj\BrsAsrMain.o
#        D:\NXP_S32K144_AutoSAR_Development\NXP_S32K144_AutoSAR_Development\01_Software\IAR\Debug\Obj\BswM.o
#        D:\NXP_S32K144_AutoSAR_Development\NXP_S32K144_AutoSAR_Development\01_Software\IAR\Debug\Obj\BswM_Callout_Stubs.o
#        D:\NXP_S32K144_AutoSAR_Development\NXP_S32K144_AutoSAR_Development\01_Software\IAR\Debug\Obj\BswM_Lcfg.o
#        D:\NXP_S32K144_AutoSAR_Development\NXP_S32K144_AutoSAR_Development\01_Software\IAR\Debug\Obj\BswM_PBcfg.o
#        D:\NXP_S32K144_AutoSAR_Development\NXP_S32K144_AutoSAR_Development\01_Software\IAR\Debug\Obj\Can.o
#        D:\NXP_S32K144_AutoSAR_Development\NXP_S32K144_AutoSAR_Development\01_Software\IAR\Debug\Obj\Can_Irq.o
#        D:\NXP_S32K144_AutoSAR_Development\NXP_S32K144_AutoSAR_Development\01_Software\IAR\Debug\Obj\Can_Lcfg.o
#        D:\NXP_S32K144_AutoSAR_Development\NXP_S32K144_AutoSAR_Development\01_Software\IAR\Debug\Obj\Can_PBcfg.o
#        D:\NXP_S32K144_AutoSAR_Development\NXP_S32K144_AutoSAR_Development\01_Software\IAR\Debug\Obj\CanIf.o
#        D:\NXP_S32K144_AutoSAR_Development\NXP_S32K144_AutoSAR_Development\01_Software\IAR\Debug\Obj\CanIf_Lcfg.o
#        D:\NXP_S32K144_AutoSAR_Development\NXP_S32K144_AutoSAR_Development\01_Software\IAR\Debug\Obj\CanIf_PBcfg.o
#        D:\NXP_S32K144_AutoSAR_Development\NXP_S32K144_AutoSAR_Development\01_Software\IAR\Debug\Obj\CanSM.o
#        D:\NXP_S32K144_AutoSAR_Development\NXP_S32K144_AutoSAR_Development\01_Software\IAR\Debug\Obj\CanSM_Lcfg.o
#        D:\NXP_S32K144_AutoSAR_Development\NXP_S32K144_AutoSAR_Development\01_Software\IAR\Debug\Obj\Com.o
#        D:\NXP_S32K144_AutoSAR_Development\NXP_S32K144_AutoSAR_Development\01_Software\IAR\Debug\Obj\Com_Lcfg.o
#        D:\NXP_S32K144_AutoSAR_Development\NXP_S32K144_AutoSAR_Development\01_Software\IAR\Debug\Obj\Com_PBcfg.o
#        D:\NXP_S32K144_AutoSAR_Development\NXP_S32K144_AutoSAR_Development\01_Software\IAR\Debug\Obj\ComM.o
#        D:\NXP_S32K144_AutoSAR_Development\NXP_S32K144_AutoSAR_Development\01_Software\IAR\Debug\Obj\ComM_Lcfg.o
#        D:\NXP_S32K144_AutoSAR_Development\NXP_S32K144_AutoSAR_Development\01_Software\IAR\Debug\Obj\ComM_PBcfg.o
#        D:\NXP_S32K144_AutoSAR_Development\NXP_S32K144_AutoSAR_Development\01_Software\IAR\Debug\Obj\Ct_LEDCtrl.o
#        D:\NXP_S32K144_AutoSAR_Development\NXP_S32K144_AutoSAR_Development\01_Software\IAR\Debug\Obj\CtLedTask.o
#        D:\NXP_S32K144_AutoSAR_Development\NXP_S32K144_AutoSAR_Development\01_Software\IAR\Debug\Obj\Det.o
#        D:\NXP_S32K144_AutoSAR_Development\NXP_S32K144_AutoSAR_Development\01_Software\IAR\Debug\Obj\Det_Cfg.o
#        D:\NXP_S32K144_AutoSAR_Development\NXP_S32K144_AutoSAR_Development\01_Software\IAR\Debug\Obj\Dio.o
#        D:\NXP_S32K144_AutoSAR_Development\NXP_S32K144_AutoSAR_Development\01_Software\IAR\Debug\Obj\Dio_Cfg.o
#        D:\NXP_S32K144_AutoSAR_Development\NXP_S32K144_AutoSAR_Development\01_Software\IAR\Debug\Obj\Dio_Gpio.o
#        D:\NXP_S32K144_AutoSAR_Development\NXP_S32K144_AutoSAR_Development\01_Software\IAR\Debug\Obj\EcuM.o
#        D:\NXP_S32K144_AutoSAR_Development\NXP_S32K144_AutoSAR_Development\01_Software\IAR\Debug\Obj\EcuM_Callout_Stubs.o
#        D:\NXP_S32K144_AutoSAR_Development\NXP_S32K144_AutoSAR_Development\01_Software\IAR\Debug\Obj\EcuM_Cfg.o
#        D:\NXP_S32K144_AutoSAR_Development\NXP_S32K144_AutoSAR_Development\01_Software\IAR\Debug\Obj\EcuM_Init_Cfg.o
#        D:\NXP_S32K144_AutoSAR_Development\NXP_S32K144_AutoSAR_Development\01_Software\IAR\Debug\Obj\EcuM_Init_PBcfg.o
#        D:\NXP_S32K144_AutoSAR_Development\NXP_S32K144_AutoSAR_Development\01_Software\IAR\Debug\Obj\EcuM_PBcfg.o
#        D:\NXP_S32K144_AutoSAR_Development\NXP_S32K144_AutoSAR_Development\01_Software\IAR\Debug\Obj\IPDU_Callout.o
#        D:\NXP_S32K144_AutoSAR_Development\NXP_S32K144_AutoSAR_Development\01_Software\IAR\Debug\Obj\Mcu.o
#        D:\NXP_S32K144_AutoSAR_Development\NXP_S32K144_AutoSAR_Development\01_Software\IAR\Debug\Obj\Mcu_Cfg.o
#        D:\NXP_S32K144_AutoSAR_Development\NXP_S32K144_AutoSAR_Development\01_Software\IAR\Debug\Obj\Mcu_CMU.o
#        D:\NXP_S32K144_AutoSAR_Development\NXP_S32K144_AutoSAR_Development\01_Software\IAR\Debug\Obj\Mcu_CMU_Irq.o
#        D:\NXP_S32K144_AutoSAR_Development\NXP_S32K144_AutoSAR_Development\01_Software\IAR\Debug\Obj\Mcu_CortexM4.o
#        D:\NXP_S32K144_AutoSAR_Development\NXP_S32K144_AutoSAR_Development\01_Software\IAR\Debug\Obj\Mcu_IPW.o
#        D:\NXP_S32K144_AutoSAR_Development\NXP_S32K144_AutoSAR_Development\01_Software\IAR\Debug\Obj\Mcu_IPW_Irq.o
#        D:\NXP_S32K144_AutoSAR_Development\NXP_S32K144_AutoSAR_Development\01_Software\IAR\Debug\Obj\Mcu_PBcfg.o
#        D:\NXP_S32K144_AutoSAR_Development\NXP_S32K144_AutoSAR_Development\01_Software\IAR\Debug\Obj\Mcu_PCC.o
#        D:\NXP_S32K144_AutoSAR_Development\NXP_S32K144_AutoSAR_Development\01_Software\IAR\Debug\Obj\Mcu_PMC.o
#        D:\NXP_S32K144_AutoSAR_Development\NXP_S32K144_AutoSAR_Development\01_Software\IAR\Debug\Obj\Mcu_PMC_Irq.o
#        D:\NXP_S32K144_AutoSAR_Development\NXP_S32K144_AutoSAR_Development\01_Software\IAR\Debug\Obj\Mcu_RCM.o
#        D:\NXP_S32K144_AutoSAR_Development\NXP_S32K144_AutoSAR_Development\01_Software\IAR\Debug\Obj\Mcu_SCG.o
#        D:\NXP_S32K144_AutoSAR_Development\NXP_S32K144_AutoSAR_Development\01_Software\IAR\Debug\Obj\Mcu_SIM.o
#        D:\NXP_S32K144_AutoSAR_Development\NXP_S32K144_AutoSAR_Development\01_Software\IAR\Debug\Obj\Mcu_SMC.o
#        D:\NXP_S32K144_AutoSAR_Development\NXP_S32K144_AutoSAR_Development\01_Software\IAR\Debug\Obj\Os_AccessCheck.o
#        D:\NXP_S32K144_AutoSAR_Development\NXP_S32K144_AutoSAR_Development\01_Software\IAR\Debug\Obj\Os_AccessCheck_Lcfg.o
#        D:\NXP_S32K144_AutoSAR_Development\NXP_S32K144_AutoSAR_Development\01_Software\IAR\Debug\Obj\Os_Alarm.o
#        D:\NXP_S32K144_AutoSAR_Development\NXP_S32K144_AutoSAR_Development\01_Software\IAR\Debug\Obj\Os_Alarm_Lcfg.o
#        D:\NXP_S32K144_AutoSAR_Development\NXP_S32K144_AutoSAR_Development\01_Software\IAR\Debug\Obj\Os_Application.o
#        D:\NXP_S32K144_AutoSAR_Development\NXP_S32K144_AutoSAR_Development\01_Software\IAR\Debug\Obj\Os_Application_Lcfg.o
#        D:\NXP_S32K144_AutoSAR_Development\NXP_S32K144_AutoSAR_Development\01_Software\IAR\Debug\Obj\Os_Barrier.o
#        D:\NXP_S32K144_AutoSAR_Development\NXP_S32K144_AutoSAR_Development\01_Software\IAR\Debug\Obj\Os_Barrier_Lcfg.o
#        D:\NXP_S32K144_AutoSAR_Development\NXP_S32K144_AutoSAR_Development\01_Software\IAR\Debug\Obj\Os_Bit.o
#        D:\NXP_S32K144_AutoSAR_Development\NXP_S32K144_AutoSAR_Development\01_Software\IAR\Debug\Obj\Os_BitArray.o
#        D:\NXP_S32K144_AutoSAR_Development\NXP_S32K144_AutoSAR_Development\01_Software\IAR\Debug\Obj\Os_Callout_Stubs.o
#        D:\NXP_S32K144_AutoSAR_Development\NXP_S32K144_AutoSAR_Development\01_Software\IAR\Debug\Obj\Os_Core.o
#        D:\NXP_S32K144_AutoSAR_Development\NXP_S32K144_AutoSAR_Development\01_Software\IAR\Debug\Obj\Os_Core_Lcfg.o
#        D:\NXP_S32K144_AutoSAR_Development\NXP_S32K144_AutoSAR_Development\01_Software\IAR\Debug\Obj\Os_Counter.o
#        D:\NXP_S32K144_AutoSAR_Development\NXP_S32K144_AutoSAR_Development\01_Software\IAR\Debug\Obj\Os_Counter_Lcfg.o
#        D:\NXP_S32K144_AutoSAR_Development\NXP_S32K144_AutoSAR_Development\01_Software\IAR\Debug\Obj\Os_Deque.o
#        D:\NXP_S32K144_AutoSAR_Development\NXP_S32K144_AutoSAR_Development\01_Software\IAR\Debug\Obj\Os_Error.o
#        D:\NXP_S32K144_AutoSAR_Development\NXP_S32K144_AutoSAR_Development\01_Software\IAR\Debug\Obj\Os_Error_Lcfg.o
#        D:\NXP_S32K144_AutoSAR_Development\NXP_S32K144_AutoSAR_Development\01_Software\IAR\Debug\Obj\Os_Event.o
#        D:\NXP_S32K144_AutoSAR_Development\NXP_S32K144_AutoSAR_Development\01_Software\IAR\Debug\Obj\Os_Fifo.o
#        D:\NXP_S32K144_AutoSAR_Development\NXP_S32K144_AutoSAR_Development\01_Software\IAR\Debug\Obj\Os_Fifo08.o
#        D:\NXP_S32K144_AutoSAR_Development\NXP_S32K144_AutoSAR_Development\01_Software\IAR\Debug\Obj\Os_Fifo16.o
#        D:\NXP_S32K144_AutoSAR_Development\NXP_S32K144_AutoSAR_Development\01_Software\IAR\Debug\Obj\Os_Fifo32.o
#        D:\NXP_S32K144_AutoSAR_Development\NXP_S32K144_AutoSAR_Development\01_Software\IAR\Debug\Obj\Os_FifoRef.o
#        D:\NXP_S32K144_AutoSAR_Development\NXP_S32K144_AutoSAR_Development\01_Software\IAR\Debug\Obj\Os_Hal_Compiler_Arm.o
#        D:\NXP_S32K144_AutoSAR_Development\NXP_S32K144_AutoSAR_Development\01_Software\IAR\Debug\Obj\Os_Hal_Compiler_Iar.o
#        D:\NXP_S32K144_AutoSAR_Development\NXP_S32K144_AutoSAR_Development\01_Software\IAR\Debug\Obj\Os_Hal_Compiler_TiInt.o
#        D:\NXP_S32K144_AutoSAR_Development\NXP_S32K144_AutoSAR_Development\01_Software\IAR\Debug\Obj\Os_Hal_Context_Lcfg.o
#        D:\NXP_S32K144_AutoSAR_Development\NXP_S32K144_AutoSAR_Development\01_Software\IAR\Debug\Obj\Os_Hal_Context_v7m.o
#        D:\NXP_S32K144_AutoSAR_Development\NXP_S32K144_AutoSAR_Development\01_Software\IAR\Debug\Obj\Os_Hal_ContextAsm.o
#        D:\NXP_S32K144_AutoSAR_Development\NXP_S32K144_AutoSAR_Development\01_Software\IAR\Debug\Obj\Os_Hal_Core.o
#        D:\NXP_S32K144_AutoSAR_Development\NXP_S32K144_AutoSAR_Development\01_Software\IAR\Debug\Obj\Os_Hal_Core_Lcfg.o
#        D:\NXP_S32K144_AutoSAR_Development\NXP_S32K144_AutoSAR_Development\01_Software\IAR\Debug\Obj\Os_Hal_Entry.o
#        D:\NXP_S32K144_AutoSAR_Development\NXP_S32K144_AutoSAR_Development\01_Software\IAR\Debug\Obj\Os_Hal_Entry_Lcfg.o
#        D:\NXP_S32K144_AutoSAR_Development\NXP_S32K144_AutoSAR_Development\01_Software\IAR\Debug\Obj\Os_Hal_EntryAsm_Lcfg.o
#        D:\NXP_S32K144_AutoSAR_Development\NXP_S32K144_AutoSAR_Development\01_Software\IAR\Debug\Obj\Os_Hal_Interrupt_Lcfg.o
#        D:\NXP_S32K144_AutoSAR_Development\NXP_S32K144_AutoSAR_Development\01_Software\IAR\Debug\Obj\Os_Hal_Kernel_Lcfg.o
#        D:\NXP_S32K144_AutoSAR_Development\NXP_S32K144_AutoSAR_Development\01_Software\IAR\Debug\Obj\Os_Hal_MemoryProtection_Lcfg.o
#        D:\NXP_S32K144_AutoSAR_Development\NXP_S32K144_AutoSAR_Development\01_Software\IAR\Debug\Obj\Os_Hal_Timer_Lcfg.o
#        D:\NXP_S32K144_AutoSAR_Development\NXP_S32K144_AutoSAR_Development\01_Software\IAR\Debug\Obj\Os_Hook.o
#        D:\NXP_S32K144_AutoSAR_Development\NXP_S32K144_AutoSAR_Development\01_Software\IAR\Debug\Obj\Os_Hook_Lcfg.o
#        D:\NXP_S32K144_AutoSAR_Development\NXP_S32K144_AutoSAR_Development\01_Software\IAR\Debug\Obj\Os_Interrupt.o
#        D:\NXP_S32K144_AutoSAR_Development\NXP_S32K144_AutoSAR_Development\01_Software\IAR\Debug\Obj\Os_Ioc.o
#        D:\NXP_S32K144_AutoSAR_Development\NXP_S32K144_AutoSAR_Development\01_Software\IAR\Debug\Obj\Os_Ioc_Lcfg.o
#        D:\NXP_S32K144_AutoSAR_Development\NXP_S32K144_AutoSAR_Development\01_Software\IAR\Debug\Obj\Os_Isr.o
#        D:\NXP_S32K144_AutoSAR_Development\NXP_S32K144_AutoSAR_Development\01_Software\IAR\Debug\Obj\Os_Isr_Lcfg.o
#        D:\NXP_S32K144_AutoSAR_Development\NXP_S32K144_AutoSAR_Development\01_Software\IAR\Debug\Obj\Os_Job.o
#        D:\NXP_S32K144_AutoSAR_Development\NXP_S32K144_AutoSAR_Development\01_Software\IAR\Debug\Obj\Os_Lock.o
#        D:\NXP_S32K144_AutoSAR_Development\NXP_S32K144_AutoSAR_Development\01_Software\IAR\Debug\Obj\Os_MemoryProtection.o
#        D:\NXP_S32K144_AutoSAR_Development\NXP_S32K144_AutoSAR_Development\01_Software\IAR\Debug\Obj\Os_MemoryProtection_Lcfg.o
#        D:\NXP_S32K144_AutoSAR_Development\NXP_S32K144_AutoSAR_Development\01_Software\IAR\Debug\Obj\Os_Peripheral.o
#        D:\NXP_S32K144_AutoSAR_Development\NXP_S32K144_AutoSAR_Development\01_Software\IAR\Debug\Obj\Os_Peripheral_Lcfg.o
#        D:\NXP_S32K144_AutoSAR_Development\NXP_S32K144_AutoSAR_Development\01_Software\IAR\Debug\Obj\Os_PriorityQueue.o
#        D:\NXP_S32K144_AutoSAR_Development\NXP_S32K144_AutoSAR_Development\01_Software\IAR\Debug\Obj\Os_Resource.o
#        D:\NXP_S32K144_AutoSAR_Development\NXP_S32K144_AutoSAR_Development\01_Software\IAR\Debug\Obj\Os_Resource_Lcfg.o
#        D:\NXP_S32K144_AutoSAR_Development\NXP_S32K144_AutoSAR_Development\01_Software\IAR\Debug\Obj\Os_Scheduler.o
#        D:\NXP_S32K144_AutoSAR_Development\NXP_S32K144_AutoSAR_Development\01_Software\IAR\Debug\Obj\Os_Scheduler_Lcfg.o
#        D:\NXP_S32K144_AutoSAR_Development\NXP_S32K144_AutoSAR_Development\01_Software\IAR\Debug\Obj\Os_ScheduleTable.o
#        D:\NXP_S32K144_AutoSAR_Development\NXP_S32K144_AutoSAR_Development\01_Software\IAR\Debug\Obj\Os_ScheduleTable_Lcfg.o
#        D:\NXP_S32K144_AutoSAR_Development\NXP_S32K144_AutoSAR_Development\01_Software\IAR\Debug\Obj\Os_ServiceFunction.o
#        D:\NXP_S32K144_AutoSAR_Development\NXP_S32K144_AutoSAR_Development\01_Software\IAR\Debug\Obj\Os_ServiceFunction_Lcfg.o
#        D:\NXP_S32K144_AutoSAR_Development\NXP_S32K144_AutoSAR_Development\01_Software\IAR\Debug\Obj\Os_Spinlock.o
#        D:\NXP_S32K144_AutoSAR_Development\NXP_S32K144_AutoSAR_Development\01_Software\IAR\Debug\Obj\Os_Spinlock_Lcfg.o
#        D:\NXP_S32K144_AutoSAR_Development\NXP_S32K144_AutoSAR_Development\01_Software\IAR\Debug\Obj\Os_Stack.o
#        D:\NXP_S32K144_AutoSAR_Development\NXP_S32K144_AutoSAR_Development\01_Software\IAR\Debug\Obj\Os_Stack_Lcfg.o
#        D:\NXP_S32K144_AutoSAR_Development\NXP_S32K144_AutoSAR_Development\01_Software\IAR\Debug\Obj\Os_Task.o
#        D:\NXP_S32K144_AutoSAR_Development\NXP_S32K144_AutoSAR_Development\01_Software\IAR\Debug\Obj\Os_Task_Lcfg.o
#        D:\NXP_S32K144_AutoSAR_Development\NXP_S32K144_AutoSAR_Development\01_Software\IAR\Debug\Obj\Os_Thread.o
#        D:\NXP_S32K144_AutoSAR_Development\NXP_S32K144_AutoSAR_Development\01_Software\IAR\Debug\Obj\Os_Timer.o
#        D:\NXP_S32K144_AutoSAR_Development\NXP_S32K144_AutoSAR_Development\01_Software\IAR\Debug\Obj\Os_TimingProtection.o
#        D:\NXP_S32K144_AutoSAR_Development\NXP_S32K144_AutoSAR_Development\01_Software\IAR\Debug\Obj\Os_TimingProtection_Lcfg.o
#        D:\NXP_S32K144_AutoSAR_Development\NXP_S32K144_AutoSAR_Development\01_Software\IAR\Debug\Obj\Os_Trace.o
#        D:\NXP_S32K144_AutoSAR_Development\NXP_S32K144_AutoSAR_Development\01_Software\IAR\Debug\Obj\Os_Trace_Lcfg.o
#        D:\NXP_S32K144_AutoSAR_Development\NXP_S32K144_AutoSAR_Development\01_Software\IAR\Debug\Obj\Os_Trap.o
#        D:\NXP_S32K144_AutoSAR_Development\NXP_S32K144_AutoSAR_Development\01_Software\IAR\Debug\Obj\Os_XSignal.o
#        D:\NXP_S32K144_AutoSAR_Development\NXP_S32K144_AutoSAR_Development\01_Software\IAR\Debug\Obj\Os_XSignal_Lcfg.o
#        D:\NXP_S32K144_AutoSAR_Development\NXP_S32K144_AutoSAR_Development\01_Software\IAR\Debug\Obj\OsAppTask.o
#        D:\NXP_S32K144_AutoSAR_Development\NXP_S32K144_AutoSAR_Development\01_Software\IAR\Debug\Obj\PduR.o
#        D:\NXP_S32K144_AutoSAR_Development\NXP_S32K144_AutoSAR_Development\01_Software\IAR\Debug\Obj\PduR_Bm.o
#        D:\NXP_S32K144_AutoSAR_Development\NXP_S32K144_AutoSAR_Development\01_Software\IAR\Debug\Obj\PduR_Fm.o
#        D:\NXP_S32K144_AutoSAR_Development\NXP_S32K144_AutoSAR_Development\01_Software\IAR\Debug\Obj\PduR_Lcfg.o
#        D:\NXP_S32K144_AutoSAR_Development\NXP_S32K144_AutoSAR_Development\01_Software\IAR\Debug\Obj\PduR_Lock.o
#        D:\NXP_S32K144_AutoSAR_Development\NXP_S32K144_AutoSAR_Development\01_Software\IAR\Debug\Obj\PduR_McQ.o
#        D:\NXP_S32K144_AutoSAR_Development\NXP_S32K144_AutoSAR_Development\01_Software\IAR\Debug\Obj\PduR_PBcfg.o
#        D:\NXP_S32K144_AutoSAR_Development\NXP_S32K144_AutoSAR_Development\01_Software\IAR\Debug\Obj\PduR_RmIf.o
#        D:\NXP_S32K144_AutoSAR_Development\NXP_S32K144_AutoSAR_Development\01_Software\IAR\Debug\Obj\PduR_RmTp.o
#        D:\NXP_S32K144_AutoSAR_Development\NXP_S32K144_AutoSAR_Development\01_Software\IAR\Debug\Obj\PduR_RmTp_TxInst.o
#        D:\NXP_S32K144_AutoSAR_Development\NXP_S32K144_AutoSAR_Development\01_Software\IAR\Debug\Obj\PduR_Sm.o
#        D:\NXP_S32K144_AutoSAR_Development\NXP_S32K144_AutoSAR_Development\01_Software\IAR\Debug\Obj\Port.o
#        D:\NXP_S32K144_AutoSAR_Development\NXP_S32K144_AutoSAR_Development\01_Software\IAR\Debug\Obj\Port_Cfg.o
#        D:\NXP_S32K144_AutoSAR_Development\NXP_S32K144_AutoSAR_Development\01_Software\IAR\Debug\Obj\Port_Ipw.o
#        D:\NXP_S32K144_AutoSAR_Development\NXP_S32K144_AutoSAR_Development\01_Software\IAR\Debug\Obj\Port_PBcfg.o
#        D:\NXP_S32K144_AutoSAR_Development\NXP_S32K144_AutoSAR_Development\01_Software\IAR\Debug\Obj\Port_Port_Ci.o
#        D:\NXP_S32K144_AutoSAR_Development\NXP_S32K144_AutoSAR_Development\01_Software\IAR\Debug\Obj\Rte.o
#        D:\NXP_S32K144_AutoSAR_Development\NXP_S32K144_AutoSAR_Development\01_Software\IAR\Debug\Obj\startup.o
#        D:\NXP_S32K144_AutoSAR_Development\NXP_S32K144_AutoSAR_Development\01_Software\IAR\Debug\Obj\startup_S32K148.o
#        D:\NXP_S32K144_AutoSAR_Development\NXP_S32K144_AutoSAR_Development\01_Software\IAR\Debug\Obj\system_S32K148.o
#        D:\NXP_S32K144_AutoSAR_Development\NXP_S32K144_AutoSAR_Development\01_Software\IAR\Debug\Obj\vstdlib.o
#        --no_out_extension -o
#        D:\NXP_S32K144_AutoSAR_Development\NXP_S32K144_AutoSAR_Development\01_Software\IAR\Debug\Exe\S32K144_IAR_Start.elf
#        --map
#        D:\NXP_S32K144_AutoSAR_Development\NXP_S32K144_AutoSAR_Development\01_Software\IAR\Debug\List\S32K144_IAR_Start.map
#        --config
#        D:\NXP_S32K144_AutoSAR_Development\NXP_S32K144_AutoSAR_Development\01_Software\Appl\S32K148Asr.icf
#        --semihosting --entry __iar_program_start --vfe --utf8_text_in
#        --text_out utf8)
#
###############################################################################

*******************************************************************************
*** RUNTIME MODEL ATTRIBUTES
***

CppFlavor       = *
__SystemLibrary = DLib
__dlib_version  = 6


*******************************************************************************
*** HEAP SELECTION
***

The basic heap was selected because no calls to memory allocation
functions were found in the application outside of system library
functions, and there are calls to deallocation functions in the
application.


*******************************************************************************
*** PLACEMENT SUMMARY
***

"P1":  place in [from 0x400 to 0x40f] { section FlashConfig };
define block OS_EXCVEC_CORE0_CODE_BLOCK
   with alignment = 8 { section .OS_EXCVEC_CORE0_CODE };
define block OS_EXCVEC_CORE0_CODE
   with fixed order {
      section OS_EXCVEC_CORE0_CODE_START_SEC, block OS_EXCVEC_CORE0_CODE_BLOCK,
      section OS_EXCVEC_CORE0_CODE_LIMIT_SEC };
"PROGRAM_FLASH__OS_EXCVEC_CORE0_CODE":
       place in [from 0x500 to 0x8'0000] { block OS_EXCVEC_CORE0_CODE };
define block OS_EXCVEC_CORE0_CONST_BLOCK
   with alignment = 8 { section .OS_EXCVEC_CORE0_CONST };
define block OS_EXCVEC_CORE0_CONST_FAST_BLOCK
   with alignment = 8 { section .OS_EXCVEC_CORE0_CONST_FAST };
define block OS_EXCVEC_CORE0_CONST
   with fixed order {
      section OS_EXCVEC_CORE0_CONST_START_SEC,
      block OS_EXCVEC_CORE0_CONST_BLOCK,
      block OS_EXCVEC_CORE0_CONST_FAST_BLOCK,
      section OS_EXCVEC_CORE0_CONST_LIMIT_SEC };
"VECTORS__OS_EXCVEC_CORE0_CONST":
       place in [from 0x0 to 0x3ff] { block OS_EXCVEC_CORE0_CONST };
define block OS_INTVEC_CODE_BLOCK
   with alignment = 128 { section .OS_INTVEC_CODE };
define block OS_INTVEC_CODE
   with fixed order, alignment = 128 {
      section OS_INTVEC_CODE_START_SEC, block OS_INTVEC_CODE_BLOCK,
      section OS_INTVEC_CODE_LIMIT_SEC };
"PROGRAM_FLASH__OS_INTVEC_CODE":
       place in [from 0x500 to 0x8'0000] { block OS_INTVEC_CODE };
define block OS_INTVEC_CORE0_CODE_BLOCK
   with alignment = 128 { section .OS_INTVEC_CORE0_CODE };
define block OS_INTVEC_CORE0_CODE
   with fixed order, alignment = 128 {
      section OS_INTVEC_CORE0_CODE_START_SEC, block OS_INTVEC_CORE0_CODE_BLOCK,
      section OS_INTVEC_CORE0_CODE_LIMIT_SEC };
"PROGRAM_FLASH__OS_INTVEC_CORE0_CODE":
       place in [from 0x500 to 0x8'0000] { block OS_INTVEC_CORE0_CODE };
define block OS_INTVEC_CORE0_CONST_BLOCK
   with alignment = 128 { section .OS_INTVEC_CORE0_CONST };
define block OS_INTVEC_CORE0_CONST_FAST_BLOCK
   with alignment = 128 { section .OS_INTVEC_CORE0_CONST_FAST };
define block OS_INTVEC_CORE0_CONST
   with fixed order, alignment = 128 {
      section OS_INTVEC_CORE0_CONST_START_SEC,
      block OS_INTVEC_CORE0_CONST_BLOCK,
      block OS_INTVEC_CORE0_CONST_FAST_BLOCK,
      section OS_INTVEC_CORE0_CONST_LIMIT_SEC };
"VECTORS__OS_INTVEC_CORE0_CONST":
       place in [from 0x0 to 0x3ff] { block OS_INTVEC_CORE0_CONST };
define block OS_STACK_DEFAULT_APPL_TASK_VAR_NOINIT_BLOCK
   with alignment = 32 { section .OS_STACK_DEFAULT_APPL_TASK_VAR_NOINIT };
define block OS_STACK_DEFAULT_BSW_ASYNC_TASK_VAR_NOINIT_BLOCK
   with alignment = 32 { section .OS_STACK_DEFAULT_BSW_ASYNC_TASK_VAR_NOINIT };
define block OS_STACK_OSCORE0_ERROR_VAR_NOINIT_BLOCK
   with alignment = 32 { section .OS_STACK_OSCORE0_ERROR_VAR_NOINIT };
define block OS_STACK_OSCORE0_INIT_VAR_NOINIT_BLOCK
   with alignment = 32 { section .OS_STACK_OSCORE0_INIT_VAR_NOINIT };
define block OS_STACK_OSCORE0_ISR_CORE_VAR_NOINIT_BLOCK
   with alignment = 32 { section .OS_STACK_OSCORE0_ISR_CORE_VAR_NOINIT };
define block OS_STACK_OSCORE0_ISR_LEVEL85_VAR_NOINIT_BLOCK
   with alignment = 32 { section .OS_STACK_OSCORE0_ISR_LEVEL85_VAR_NOINIT };
define block OS_STACK_OSCORE0_KERNEL_VAR_NOINIT_BLOCK
   with alignment = 32 { section .OS_STACK_OSCORE0_KERNEL_VAR_NOINIT };
define block OS_STACK_OSCORE0_PROTECTION_VAR_NOINIT_BLOCK
   with alignment = 32 { section .OS_STACK_OSCORE0_PROTECTION_VAR_NOINIT };
define block OS_STACK_OSCORE0_TASK_PRIO10_VAR_NOINIT_BLOCK
   with alignment = 32 { section .OS_STACK_OSCORE0_TASK_PRIO10_VAR_NOINIT };
define block OS_STACK_OSCORE0_TASK_PRIO30_VAR_NOINIT_BLOCK
   with alignment = 32 { section .OS_STACK_OSCORE0_TASK_PRIO30_VAR_NOINIT };
define block OS_STACK_OSCORE0_TASK_PRIO40_VAR_NOINIT_BLOCK
   with alignment = 32 { section .OS_STACK_OSCORE0_TASK_PRIO40_VAR_NOINIT };
define block OS_STACK_OSCORE0_TASK_PRIO4294967295_VAR_NOINIT_BLOCK
   with alignment = 32 {
      section .OS_STACK_OSCORE0_TASK_PRIO4294967295_VAR_NOINIT };
define block OS_STACK_OSCORE0_TASK_PRIO45_VAR_NOINIT_BLOCK
   with alignment = 32 { section .OS_STACK_OSCORE0_TASK_PRIO45_VAR_NOINIT };
define block OS_STACK_OSCORE0_TASK_PRIO5_VAR_NOINIT_BLOCK
   with alignment = 32 { section .OS_STACK_OSCORE0_TASK_PRIO5_VAR_NOINIT };
define block OS_STACK_OSCORE0_TASK_PRIO50_VAR_NOINIT_BLOCK
   with alignment = 32 { section .OS_STACK_OSCORE0_TASK_PRIO50_VAR_NOINIT };
define block OS_STACK_OSCORE0_TASK_PRIO100_VAR_NOINIT_BLOCK
   with alignment = 32 { section .OS_STACK_OSCORE0_TASK_PRIO100_VAR_NOINIT };
define block OS_STACK_OSTASK_APP_VAR_NOINIT_BLOCK
   with alignment = 8 { section .OS_STACK_OSTASK_APP_VAR_NOINIT };
define block OS_STACK_OSTASK_BSW_SCHM_VAR_NOINIT_BLOCK
   with alignment = 8 { section .OS_STACK_OSTASK_BSW_SCHM_VAR_NOINIT };
define block OS_STACK_IO_TASK_VAR_NOINIT_BLOCK
   with alignment = 8 { section .OS_STACK_IO_TASK_VAR_NOINIT };
define block OS_STACK_OSCORE0_TASK_PRIO2_VAR_NOINIT_BLOCK
   with alignment = 8 { section .OS_STACK_OSCORE0_TASK_PRIO2_VAR_NOINIT };
define block OS_STACKS_CORE0_NOINIT
   with fixed order, alignment = 4 {
      section OS_STACKS_CORE0_NOINIT_START_SEC,
      block OS_STACK_DEFAULT_APPL_TASK_VAR_NOINIT_BLOCK,
      block OS_STACK_DEFAULT_BSW_ASYNC_TASK_VAR_NOINIT_BLOCK,
      block OS_STACK_OSCORE0_ERROR_VAR_NOINIT_BLOCK,
      block OS_STACK_OSCORE0_INIT_VAR_NOINIT_BLOCK,
      block OS_STACK_OSCORE0_ISR_CORE_VAR_NOINIT_BLOCK,
      block OS_STACK_OSCORE0_ISR_LEVEL85_VAR_NOINIT_BLOCK,
      block OS_STACK_OSCORE0_KERNEL_VAR_NOINIT_BLOCK,
      block OS_STACK_OSCORE0_PROTECTION_VAR_NOINIT_BLOCK,
      block OS_STACK_OSCORE0_TASK_PRIO10_VAR_NOINIT_BLOCK,
      block OS_STACK_OSCORE0_TASK_PRIO30_VAR_NOINIT_BLOCK,
      block OS_STACK_OSCORE0_TASK_PRIO40_VAR_NOINIT_BLOCK,
      block OS_STACK_OSCORE0_TASK_PRIO4294967295_VAR_NOINIT_BLOCK,
      block OS_STACK_OSCORE0_TASK_PRIO45_VAR_NOINIT_BLOCK,
      block OS_STACK_OSCORE0_TASK_PRIO5_VAR_NOINIT_BLOCK,
      block OS_STACK_OSCORE0_TASK_PRIO50_VAR_NOINIT_BLOCK,
      block OS_STACK_OSCORE0_TASK_PRIO100_VAR_NOINIT_BLOCK,
      block OS_STACK_OSTASK_APP_VAR_NOINIT_BLOCK,
      block OS_STACK_OSTASK_BSW_SCHM_VAR_NOINIT_BLOCK,
      block OS_STACK_IO_TASK_VAR_NOINIT_BLOCK,
      block OS_STACK_OSCORE0_TASK_PRIO2_VAR_NOINIT_BLOCK,
      section OS_STACKS_CORE0_NOINIT_LIMIT_SEC };
"INTERNAL_RAM__OS_STACKS_CORE0_NOINIT":
       place in [from 0x1fff'8000 to 0x2000'0000] {
          block OS_STACKS_CORE0_NOINIT };
define block OS_SystemApplication_OsCore0_VAR_FAST_NOCACHE_NOINIT_BLOCK
   with alignment = 8 {
      section .OS_SystemApplication_OsCore0_VAR_FAST_NOCACHE_NOINIT };
define block OS_SystemApplication_OsCore0_VAR_FAST_NOINIT_BLOCK
   with alignment = 8 { section .OS_SystemApplication_OsCore0_VAR_FAST_NOINIT };
define block OS_SystemApplication_OsCore0_VAR_NOCACHE_NOINIT_BLOCK
   with alignment = 8 {
      section .OS_SystemApplication_OsCore0_VAR_NOCACHE_NOINIT };
define block OS_SystemApplication_OsCore0_VAR_NOINIT_BLOCK
   with alignment = 8 { section .OS_SystemApplication_OsCore0_VAR_NOINIT };
define block OS_SystemApplication_OsCore0_NOINIT
   with fixed order, alignment = 4 {
      section OS_SystemApplication_OsCore0_NOINIT_START_SEC,
      block OS_SystemApplication_OsCore0_VAR_FAST_NOCACHE_NOINIT_BLOCK,
      block OS_SystemApplication_OsCore0_VAR_FAST_NOINIT_BLOCK,
      block OS_SystemApplication_OsCore0_VAR_NOCACHE_NOINIT_BLOCK,
      block OS_SystemApplication_OsCore0_VAR_NOINIT_BLOCK,
      section OS_SystemApplication_OsCore0_NOINIT_LIMIT_SEC };
"INTERNAL_RAM__OS_SystemApplication_OsCore0_NOINIT":
       place in [from 0x1fff'8000 to 0x2000'0000] {
          block OS_SystemApplication_OsCore0_NOINIT };
define block Startup_Code_Core0 with alignment = 8 { section .brsStartup };
define block Startup_Code
   with fixed order, alignment = 4 {
      section Startup_Code_START_SEC, block Startup_Code_Core0,
      section Startup_Code_LIMIT_SEC };
"PROGRAM_FLASH__Startup_Code":
       place in [from 0x500 to 0x8'0000] { block Startup_Code };
define block CSTACK with size = 2K, alignment = 8 { };
define block Startup_Stack
   with fixed order, alignment = 4 {
      section Startup_Stack_START_SEC, block CSTACK,
      section Startup_Stack_LIMIT_SEC };
"INTERNAL_RAM__Startup_Stack":
       place in [from 0x1fff'8000 to 0x2000'0000] { block Startup_Stack };
define block DEFAULT_CODE_BLOCK with alignment = 8 { section .text };
define block OS_Default_Init_Task_CODE_BLOCK
   with alignment = 8 { section .OS_Default_Init_Task_CODE };
define block OS_ERRORHOOK_CODE_BLOCK
   with alignment = 8 { section .OS_ERRORHOOK_CODE };
define block Code_Default
   with fixed order, alignment = 4 {
      section Code_Default_START_SEC, block DEFAULT_CODE_BLOCK,
      block OS_Default_Init_Task_CODE_BLOCK, block OS_ERRORHOOK_CODE_BLOCK,
      section Code_Default_LIMIT_SEC };
"PROGRAM_FLASH__Code_Default":
       place in [from 0x500 to 0x8'0000] { block Code_Default };
define block OS_Adc_Adc12bsarv2_EndGroupConvUnit0_CODE_BLOCK
   with alignment = 8 { section .OS_Adc_Adc12bsarv2_EndGroupConvUnit0_CODE };
define block OS_Adc_Adc12bsarv2_EndGroupConvUnit1_CODE_BLOCK
   with alignment = 8 { section .OS_Adc_Adc12bsarv2_EndGroupConvUnit1_CODE };
define block OS_Application_10ms_Task_CODE_BLOCK
   with alignment = 8 { section .OS_Application_10ms_Task_CODE };
define block OS_Application_2ms_Task_CODE_BLOCK
   with alignment = 8 { section .OS_Application_2ms_Task_CODE };
define block OS_Application_500ms_Task_CODE_BLOCK
   with alignment = 8 { section .OS_Application_500ms_Task_CODE };
define block OS_CODE_BLOCK with alignment = 8 { section .OS_CODE };
define block OS_CanBusOffIsr_0_CODE_BLOCK
   with alignment = 8 { section .OS_CanBusOffIsr_0_CODE };
define block OS_CanMailboxIsr_0_CODE_BLOCK
   with alignment = 8 { section .OS_CanMailboxIsr_0_CODE };
define block OS_Default_BSW_10ms_Task_CODE_BLOCK
   with alignment = 8 { section .OS_Default_BSW_10ms_Task_CODE };
define block OS_Default_BSW_20ms_Task_CODE_BLOCK
   with alignment = 8 { section .OS_Default_BSW_20ms_Task_CODE };
define block OS_Default_BSW_5ms_Task_CODE_BLOCK
   with alignment = 8 { section .OS_Default_BSW_5ms_Task_CODE };
define block OS_Default_BSW_ServiceDispatcher_CODE_BLOCK
   with alignment = 8 { section .OS_Default_BSW_ServiceDispatcher_CODE };
define block OS_FTM_0_CH_0_CH_1_ISR_CODE_BLOCK
   with alignment = 8 { section .OS_FTM_0_CH_0_CH_1_ISR_CODE };
define block OS_FTM_0_CH_2_CH_3_ISR_CODE_BLOCK
   with alignment = 8 { section .OS_FTM_0_CH_2_CH_3_ISR_CODE };
define block OS_ICU_PORT_CI_A_EXT_IRQ_ISR_CODE_BLOCK
   with alignment = 8 { section .OS_ICU_PORT_CI_A_EXT_IRQ_ISR_CODE };
define block OS_ICU_PORT_CI_B_EXT_IRQ_ISR_CODE_BLOCK
   with alignment = 8 { section .OS_ICU_PORT_CI_B_EXT_IRQ_ISR_CODE };
define block OS_OS_COREINITHOOK_CODE_BLOCK
   with alignment = 8 { section .OS_OS_COREINITHOOK_CODE };
define block OS_StartApplication_Appl_Init_Task_CODE_BLOCK
   with alignment = 8 { section .OS_StartApplication_Appl_Init_Task_CODE };
define block OS_StartApplication_NVM_Task_CODE_BLOCK
   with alignment = 8 { section .OS_StartApplication_NVM_Task_CODE };
define block OS_CODE
   with fixed order, alignment = 4 {
      section OS_CODE_START_SEC,
      block OS_Adc_Adc12bsarv2_EndGroupConvUnit0_CODE_BLOCK,
      block OS_Adc_Adc12bsarv2_EndGroupConvUnit1_CODE_BLOCK,
      block OS_Application_10ms_Task_CODE_BLOCK,
      block OS_Application_2ms_Task_CODE_BLOCK,
      block OS_Application_500ms_Task_CODE_BLOCK, block OS_CODE_BLOCK,
      block OS_CanBusOffIsr_0_CODE_BLOCK, block OS_CanMailboxIsr_0_CODE_BLOCK,
      block OS_Default_BSW_10ms_Task_CODE_BLOCK,
      block OS_Default_BSW_20ms_Task_CODE_BLOCK,
      block OS_Default_BSW_5ms_Task_CODE_BLOCK,
      block OS_Default_BSW_ServiceDispatcher_CODE_BLOCK,
      block OS_FTM_0_CH_0_CH_1_ISR_CODE_BLOCK,
      block OS_FTM_0_CH_2_CH_3_ISR_CODE_BLOCK,
      block OS_ICU_PORT_CI_A_EXT_IRQ_ISR_CODE_BLOCK,
      block OS_ICU_PORT_CI_B_EXT_IRQ_ISR_CODE_BLOCK,
      block OS_OS_COREINITHOOK_CODE_BLOCK,
      block OS_StartApplication_Appl_Init_Task_CODE_BLOCK,
      block OS_StartApplication_NVM_Task_CODE_BLOCK, section OS_CODE_LIMIT_SEC,
      section .mcal_text };
"PROGRAM_FLASH__OS_CODE":
       place in [from 0x500 to 0x8'0000] { block OS_CODE };
define block OS_CONST_BLOCK with alignment = 8 { section .OS_CONST };
define block OS_CONST_FAST_BLOCK with alignment = 8 { section .OS_CONST_FAST };
define block OS_CORE0_CONST_BLOCK
   with alignment = 8 { section .OS_CORE0_CONST };
define block OS_CORE0_CONST_FAST_BLOCK
   with alignment = 8 { section .OS_CORE0_CONST_FAST };
define block OS_GLOBALSHARED_CONST_BLOCK
   with alignment = 8 { section .OS_GLOBALSHARED_CONST };
define block OS_GLOBALSHARED_CONST_FAST_BLOCK
   with alignment = 8 { section .OS_GLOBALSHARED_CONST_FAST };
define block OS_INTVEC_CONST_BLOCK
   with alignment = 8 { section .OS_INTVEC_CONST };
define block OS_INTVEC_CONST_FAST_BLOCK
   with alignment = 8 { section .OS_INTVEC_CONST_FAST };
define block OS_SystemApplication_OsCore0_CONST_BLOCK
   with alignment = 8 { section .OS_SystemApplication_OsCore0_CONST };
define block OS_SystemApplication_OsCore0_CONST_FAST_BLOCK
   with alignment = 8 { section .OS_SystemApplication_OsCore0_CONST_FAST };
define block OS_CONST
   with fixed order, alignment = 4 {
      section OS_CONST_START_SEC, block OS_CONST_BLOCK,
      block OS_CONST_FAST_BLOCK, block OS_CORE0_CONST_BLOCK,
      block OS_CORE0_CONST_FAST_BLOCK, block OS_GLOBALSHARED_CONST_BLOCK,
      block OS_GLOBALSHARED_CONST_FAST_BLOCK, block OS_INTVEC_CONST_BLOCK,
      block OS_INTVEC_CONST_FAST_BLOCK,
      block OS_SystemApplication_OsCore0_CONST_BLOCK,
      block OS_SystemApplication_OsCore0_CONST_FAST_BLOCK,
      section OS_CONST_LIMIT_SEC, section .mcal_const,
      section .mcal_const_cfg };
"PROGRAM_FLASH__OS_CONST":
       place in [from 0x500 to 0x8'0000] { block OS_CONST };
define block OS_CORE0_VAR_FAST_NOCACHE_NOINIT_BLOCK
   with alignment = 8 { section .OS_CORE0_VAR_FAST_NOCACHE_NOINIT };
define block OS_CORE0_VAR_FAST_NOINIT_BLOCK
   with alignment = 8 { section .OS_CORE0_VAR_FAST_NOINIT };
define block OS_CORE0_VAR_NOCACHE_NOINIT_BLOCK
   with alignment = 8 { section .OS_CORE0_VAR_NOCACHE_NOINIT };
define block OS_CORE0_VAR_NOINIT_BLOCK
   with alignment = 8 { section .OS_CORE0_VAR_NOINIT };
define block OS_DATA_CORE0_NOINIT
   with fixed order, alignment = 4 {
      section OS_DATA_CORE0_NOINIT_START_SEC,
      block OS_CORE0_VAR_FAST_NOCACHE_NOINIT_BLOCK,
      block OS_CORE0_VAR_FAST_NOINIT_BLOCK,
      block OS_CORE0_VAR_NOCACHE_NOINIT_BLOCK, block OS_CORE0_VAR_NOINIT_BLOCK,
      section OS_DATA_CORE0_NOINIT_LIMIT_SEC };
"INTERNAL_RAM__OS_DATA_CORE0_NOINIT":
       place in [from 0x1fff'8000 to 0x2000'0000] {
          block OS_DATA_CORE0_NOINIT };
define block OS_BARRIER_CORE0_VAR_FAST_NOCACHE_NOINIT_BLOCK
   with alignment = 8 { section .OS_BARRIER_CORE0_VAR_FAST_NOCACHE_NOINIT };
define block OS_BARRIER_CORE0_VAR_FAST_NOINIT_BLOCK
   with alignment = 8 { section .OS_BARRIER_CORE0_VAR_FAST_NOINIT };
define block OS_BARRIER_CORE0_VAR_NOCACHE_NOINIT_BLOCK
   with alignment = 8 { section .OS_BARRIER_CORE0_VAR_NOCACHE_NOINIT };
define block OS_BARRIER_CORE0_VAR_NOINIT_BLOCK
   with alignment = 8 { section .OS_BARRIER_CORE0_VAR_NOINIT };
define block OS_CORESTATUS_CORE0_VAR_FAST_NOCACHE_NOINIT_BLOCK
   with alignment = 8 { section .OS_CORESTATUS_CORE0_VAR_FAST_NOCACHE_NOINIT };
define block OS_CORESTATUS_CORE0_VAR_FAST_NOINIT_BLOCK
   with alignment = 8 { section .OS_CORESTATUS_CORE0_VAR_FAST_NOINIT };
define block OS_CORESTATUS_CORE0_VAR_NOCACHE_NOINIT_BLOCK
   with alignment = 8 { section .OS_CORESTATUS_CORE0_VAR_NOCACHE_NOINIT };
define block OS_CORESTATUS_CORE0_VAR_NOINIT_BLOCK
   with alignment = 8 { section .OS_CORESTATUS_CORE0_VAR_NOINIT };
define block OS_GLOBALSHARED_VAR_FAST_NOCACHE_NOINIT_BLOCK
   with alignment = 8 { section .OS_GLOBALSHARED_VAR_FAST_NOCACHE_NOINIT };
define block OS_GLOBALSHARED_VAR_FAST_NOINIT_BLOCK
   with alignment = 8 { section .OS_GLOBALSHARED_VAR_FAST_NOINIT };
define block OS_GLOBALSHARED_VAR_NOCACHE_NOINIT_BLOCK
   with alignment = 8 { section .OS_GLOBALSHARED_VAR_NOCACHE_NOINIT };
define block OS_GLOBALSHARED_VAR_NOINIT_BLOCK
   with alignment = 8 { section .OS_GLOBALSHARED_VAR_NOINIT };
define block OS_PUBLIC_CORE0_VAR_FAST_NOCACHE_NOINIT_BLOCK
   with alignment = 8 { section .OS_PUBLIC_CORE0_VAR_FAST_NOCACHE_NOINIT };
define block OS_PUBLIC_CORE0_VAR_FAST_NOINIT_BLOCK
   with alignment = 8 { section .OS_PUBLIC_CORE0_VAR_FAST_NOINIT };
define block OS_PUBLIC_CORE0_VAR_NOCACHE_NOINIT_BLOCK
   with alignment = 8 { section .OS_PUBLIC_CORE0_VAR_NOCACHE_NOINIT };
define block OS_PUBLIC_CORE0_VAR_NOINIT_BLOCK
   with alignment = 8 { section .OS_PUBLIC_CORE0_VAR_NOINIT };
define block OS_VAR_FAST_NOCACHE_NOINIT_BLOCK
   with alignment = 8 { section .OS_VAR_FAST_NOCACHE_NOINIT };
define block OS_VAR_FAST_NOINIT_BLOCK
   with alignment = 8 { section .OS_VAR_FAST_NOINIT };
define block OS_VAR_NOCACHE_NOINIT_BLOCK
   with alignment = 8 { section .OS_VAR_NOCACHE_NOINIT };
define block OS_VAR_NOINIT_BLOCK with alignment = 8 { section .OS_VAR_NOINIT };
define block OS_DATA_SHARED_NOINIT
   with fixed order, alignment = 4 {
      section OS_DATA_SHARED_NOINIT_START_SEC,
      block OS_BARRIER_CORE0_VAR_FAST_NOCACHE_NOINIT_BLOCK,
      block OS_BARRIER_CORE0_VAR_FAST_NOINIT_BLOCK,
      block OS_BARRIER_CORE0_VAR_NOCACHE_NOINIT_BLOCK,
      block OS_BARRIER_CORE0_VAR_NOINIT_BLOCK,
      block OS_CORESTATUS_CORE0_VAR_FAST_NOCACHE_NOINIT_BLOCK,
      block OS_CORESTATUS_CORE0_VAR_FAST_NOINIT_BLOCK,
      block OS_CORESTATUS_CORE0_VAR_NOCACHE_NOINIT_BLOCK,
      block OS_CORESTATUS_CORE0_VAR_NOINIT_BLOCK,
      block OS_GLOBALSHARED_VAR_FAST_NOCACHE_NOINIT_BLOCK,
      block OS_GLOBALSHARED_VAR_FAST_NOINIT_BLOCK,
      block OS_GLOBALSHARED_VAR_NOCACHE_NOINIT_BLOCK,
      block OS_GLOBALSHARED_VAR_NOINIT_BLOCK,
      block OS_PUBLIC_CORE0_VAR_FAST_NOCACHE_NOINIT_BLOCK,
      block OS_PUBLIC_CORE0_VAR_FAST_NOINIT_BLOCK,
      block OS_PUBLIC_CORE0_VAR_NOCACHE_NOINIT_BLOCK,
      block OS_PUBLIC_CORE0_VAR_NOINIT_BLOCK,
      block OS_VAR_FAST_NOCACHE_NOINIT_BLOCK, block OS_VAR_FAST_NOINIT_BLOCK,
      block OS_VAR_NOCACHE_NOINIT_BLOCK, block OS_VAR_NOINIT_BLOCK,
      section OS_DATA_SHARED_NOINIT_LIMIT_SEC };
"INTERNAL_RAM__OS_DATA_SHARED_NOINIT":
       place in [from 0x1fff'8000 to 0x2000'0000] {
          block OS_DATA_SHARED_NOINIT };
define block OS_BARRIER_CORE0_VAR_BLOCK
   with alignment = 8 { section .OS_BARRIER_CORE0_VAR };
define block OS_BARRIER_CORE0_VAR_FAST_BLOCK
   with alignment = 8 { section .OS_BARRIER_CORE0_VAR_FAST };
define block OS_BARRIER_CORE0_VAR_FAST_NOCACHE_BLOCK
   with alignment = 8 { section .OS_BARRIER_CORE0_VAR_FAST_NOCACHE };
define block OS_BARRIER_CORE0_VAR_NOCACHE_BLOCK
   with alignment = 8 { section .OS_BARRIER_CORE0_VAR_NOCACHE };
define block OS_CORESTATUS_CORE0_VAR_BLOCK
   with alignment = 8 { section .OS_CORESTATUS_CORE0_VAR };
define block OS_CORESTATUS_CORE0_VAR_FAST_BLOCK
   with alignment = 8 { section .OS_CORESTATUS_CORE0_VAR_FAST };
define block OS_CORESTATUS_CORE0_VAR_FAST_NOCACHE_BLOCK
   with alignment = 8 { section .OS_CORESTATUS_CORE0_VAR_FAST_NOCACHE };
define block OS_CORESTATUS_CORE0_VAR_NOCACHE_BLOCK
   with alignment = 8 { section .OS_CORESTATUS_CORE0_VAR_NOCACHE };
define block OS_GLOBALSHARED_VAR_BLOCK
   with alignment = 8 { section .OS_GLOBALSHARED_VAR };
define block OS_GLOBALSHARED_VAR_FAST_BLOCK
   with alignment = 8 { section .OS_GLOBALSHARED_VAR_FAST };
define block OS_GLOBALSHARED_VAR_FAST_NOCACHE_BLOCK
   with alignment = 8 { section .OS_GLOBALSHARED_VAR_FAST_NOCACHE };
define block OS_GLOBALSHARED_VAR_NOCACHE_BLOCK
   with alignment = 8 { section .OS_GLOBALSHARED_VAR_NOCACHE };
define block OS_PUBLIC_CORE0_VAR_BLOCK
   with alignment = 8 { section .OS_PUBLIC_CORE0_VAR };
define block OS_PUBLIC_CORE0_VAR_FAST_BLOCK
   with alignment = 8 { section .OS_PUBLIC_CORE0_VAR_FAST };
define block OS_PUBLIC_CORE0_VAR_FAST_NOCACHE_BLOCK
   with alignment = 8 { section .OS_PUBLIC_CORE0_VAR_FAST_NOCACHE };
define block OS_PUBLIC_CORE0_VAR_NOCACHE_BLOCK
   with alignment = 8 { section .OS_PUBLIC_CORE0_VAR_NOCACHE };
define block OS_VAR_BLOCK with alignment = 8 { section .OS_VAR };
define block OS_VAR_FAST_BLOCK with alignment = 8 { section .OS_VAR_FAST };
define block OS_VAR_FAST_NOCACHE_BLOCK
   with alignment = 8 { section .OS_VAR_FAST_NOCACHE };
define block OS_VAR_NOCACHE_BLOCK
   with alignment = 8 { section .OS_VAR_NOCACHE };
define block OS_DATA_SHARED_INIT
   with fixed order, alignment = 4 {
      section OS_DATA_SHARED_INIT_START_SEC, block OS_BARRIER_CORE0_VAR_BLOCK,
      block OS_BARRIER_CORE0_VAR_FAST_BLOCK,
      block OS_BARRIER_CORE0_VAR_FAST_NOCACHE_BLOCK,
      block OS_BARRIER_CORE0_VAR_NOCACHE_BLOCK,
      block OS_CORESTATUS_CORE0_VAR_BLOCK,
      block OS_CORESTATUS_CORE0_VAR_FAST_BLOCK,
      block OS_CORESTATUS_CORE0_VAR_FAST_NOCACHE_BLOCK,
      block OS_CORESTATUS_CORE0_VAR_NOCACHE_BLOCK,
      block OS_GLOBALSHARED_VAR_BLOCK, block OS_GLOBALSHARED_VAR_FAST_BLOCK,
      block OS_GLOBALSHARED_VAR_FAST_NOCACHE_BLOCK,
      block OS_GLOBALSHARED_VAR_NOCACHE_BLOCK, block OS_PUBLIC_CORE0_VAR_BLOCK,
      block OS_PUBLIC_CORE0_VAR_FAST_BLOCK,
      block OS_PUBLIC_CORE0_VAR_FAST_NOCACHE_BLOCK,
      block OS_PUBLIC_CORE0_VAR_NOCACHE_BLOCK, block OS_VAR_BLOCK,
      block OS_VAR_FAST_BLOCK, block OS_VAR_FAST_NOCACHE_BLOCK,
      block OS_VAR_NOCACHE_BLOCK, section OS_DATA_SHARED_INIT_LIMIT_SEC };
"INTERNAL_RAM__OS_DATA_SHARED_INIT":
       place in [from 0x1fff'8000 to 0x2000'0000] { block OS_DATA_SHARED_INIT };
define block OS_BARRIER_CORE0_VAR_FAST_NOCACHE_ZERO_INIT_BLOCK
   with alignment = 8 { section .OS_BARRIER_CORE0_VAR_FAST_NOCACHE_ZERO_INIT };
define block OS_BARRIER_CORE0_VAR_FAST_ZERO_INIT_BLOCK
   with alignment = 8 { section .OS_BARRIER_CORE0_VAR_FAST_ZERO_INIT };
define block OS_BARRIER_CORE0_VAR_NOCACHE_ZERO_INIT_BLOCK
   with alignment = 8 { section .OS_BARRIER_CORE0_VAR_NOCACHE_ZERO_INIT };
define block OS_BARRIER_CORE0_VAR_ZERO_INIT_BLOCK
   with alignment = 8 { section .OS_BARRIER_CORE0_VAR_ZERO_INIT };
define block OS_CORESTATUS_CORE0_VAR_FAST_NOCACHE_ZERO_INIT_BLOCK
   with alignment = 8 {
      section .OS_CORESTATUS_CORE0_VAR_FAST_NOCACHE_ZERO_INIT };
define block OS_CORESTATUS_CORE0_VAR_FAST_ZERO_INIT_BLOCK
   with alignment = 8 { section .OS_CORESTATUS_CORE0_VAR_FAST_ZERO_INIT };
define block OS_CORESTATUS_CORE0_VAR_NOCACHE_ZERO_INIT_BLOCK
   with alignment = 8 { section .OS_CORESTATUS_CORE0_VAR_NOCACHE_ZERO_INIT };
define block OS_CORESTATUS_CORE0_VAR_ZERO_INIT_BLOCK
   with alignment = 8 { section .OS_CORESTATUS_CORE0_VAR_ZERO_INIT };
define block OS_GLOBALSHARED_VAR_FAST_NOCACHE_ZERO_INIT_BLOCK
   with alignment = 8 { section .OS_GLOBALSHARED_VAR_FAST_NOCACHE_ZERO_INIT };
define block OS_GLOBALSHARED_VAR_FAST_ZERO_INIT_BLOCK
   with alignment = 8 { section .OS_GLOBALSHARED_VAR_FAST_ZERO_INIT };
define block OS_GLOBALSHARED_VAR_NOCACHE_ZERO_INIT_BLOCK
   with alignment = 8 { section .OS_GLOBALSHARED_VAR_NOCACHE_ZERO_INIT };
define block OS_GLOBALSHARED_VAR_ZERO_INIT_BLOCK
   with alignment = 8 { section .OS_GLOBALSHARED_VAR_ZERO_INIT };
define block OS_PUBLIC_CORE0_VAR_FAST_NOCACHE_ZERO_INIT_BLOCK
   with alignment = 8 { section .OS_PUBLIC_CORE0_VAR_FAST_NOCACHE_ZERO_INIT };
define block OS_PUBLIC_CORE0_VAR_FAST_ZERO_INIT_BLOCK
   with alignment = 8 { section .OS_PUBLIC_CORE0_VAR_FAST_ZERO_INIT };
define block OS_PUBLIC_CORE0_VAR_NOCACHE_ZERO_INIT_BLOCK
   with alignment = 8 { section .OS_PUBLIC_CORE0_VAR_NOCACHE_ZERO_INIT };
define block OS_PUBLIC_CORE0_VAR_ZERO_INIT_BLOCK
   with alignment = 8 { section .OS_PUBLIC_CORE0_VAR_ZERO_INIT };
define block OS_VAR_FAST_NOCACHE_ZERO_INIT_BLOCK
   with alignment = 8 { section .OS_VAR_FAST_NOCACHE_ZERO_INIT };
define block OS_VAR_FAST_ZERO_INIT_BLOCK
   with alignment = 8 { section .OS_VAR_FAST_ZERO_INIT };
define block OS_VAR_NOCACHE_ZERO_INIT_BLOCK
   with alignment = 8 { section .OS_VAR_NOCACHE_ZERO_INIT };
define block OS_VAR_ZERO_INIT_BLOCK
   with alignment = 8 { section .OS_VAR_ZERO_INIT };
define block OS_DATA_SHARED_ZERO_INIT
   with fixed order, alignment = 4 {
      section OS_DATA_SHARED_ZERO_INIT_START_SEC,
      block OS_BARRIER_CORE0_VAR_FAST_NOCACHE_ZERO_INIT_BLOCK,
      block OS_BARRIER_CORE0_VAR_FAST_ZERO_INIT_BLOCK,
      block OS_BARRIER_CORE0_VAR_NOCACHE_ZERO_INIT_BLOCK,
      block OS_BARRIER_CORE0_VAR_ZERO_INIT_BLOCK,
      block OS_CORESTATUS_CORE0_VAR_FAST_NOCACHE_ZERO_INIT_BLOCK,
      block OS_CORESTATUS_CORE0_VAR_FAST_ZERO_INIT_BLOCK,
      block OS_CORESTATUS_CORE0_VAR_NOCACHE_ZERO_INIT_BLOCK,
      block OS_CORESTATUS_CORE0_VAR_ZERO_INIT_BLOCK,
      block OS_GLOBALSHARED_VAR_FAST_NOCACHE_ZERO_INIT_BLOCK,
      block OS_GLOBALSHARED_VAR_FAST_ZERO_INIT_BLOCK,
      block OS_GLOBALSHARED_VAR_NOCACHE_ZERO_INIT_BLOCK,
      block OS_GLOBALSHARED_VAR_ZERO_INIT_BLOCK,
      block OS_PUBLIC_CORE0_VAR_FAST_NOCACHE_ZERO_INIT_BLOCK,
      block OS_PUBLIC_CORE0_VAR_FAST_ZERO_INIT_BLOCK,
      block OS_PUBLIC_CORE0_VAR_NOCACHE_ZERO_INIT_BLOCK,
      block OS_PUBLIC_CORE0_VAR_ZERO_INIT_BLOCK,
      block OS_VAR_FAST_NOCACHE_ZERO_INIT_BLOCK,
      block OS_VAR_FAST_ZERO_INIT_BLOCK, block OS_VAR_NOCACHE_ZERO_INIT_BLOCK,
      block OS_VAR_ZERO_INIT_BLOCK, section OS_DATA_SHARED_ZERO_INIT_LIMIT_SEC,
      section .mcal_bss, section .mcal_data };
"INTERNAL_RAM__OS_DATA_SHARED_ZERO_INIT":
       place in [from 0x1fff'8000 to 0x2000'0000] {
          block OS_DATA_SHARED_ZERO_INIT };
define block DEFAULT_RODATA_BLOCK with alignment = 8 { section .rodata };
define block DEFAULT_INTVEC_BLOCK with alignment = 8 { section .intvec };
define block DEFAULT_INIT_TABLE_BLOCK
   with alignment = 8 { section .iar.init_table };
define block DEFAULT_DATA_ROM_INIT_BLOCK
   with alignment = 8 { section .data_init };
define block Const_Default
   with fixed order, alignment = 4 {
      section Const_Default_START_SEC, block DEFAULT_RODATA_BLOCK,
      block DEFAULT_INTVEC_BLOCK, block DEFAULT_INIT_TABLE_BLOCK,
      block DEFAULT_DATA_ROM_INIT_BLOCK, section Const_Default_LIMIT_SEC };
"PROGRAM_FLASH__Const_Default":
       place in [from 0x500 to 0x8'0000] { block Const_Default };
define block DEFAULT_BSS_BLOCK with alignment = 8 { section .bss };
define block DEFAULT_DATA_INIT_BLOCK with alignment = 8 { section .data };
define block Data_Default
   with fixed order, alignment = 4 {
      section Data_Default_START_SEC, block DEFAULT_BSS_BLOCK,
      block DEFAULT_DATA_INIT_BLOCK, section Data_Default_LIMIT_SEC };
"INTERNAL_RAM__Data_Default":
       place in [from 0x1fff'8000 to 0x2000'0000] { block Data_Default };
define block function_in_ram_BLOCK
   with alignment = 4 { section .function_in_ram };
define block Data_Default_INIT
   with fixed order, alignment = 4 {
      section Data_Default_INIT_START_SEC, block function_in_ram_BLOCK,
      section Data_Default_INIT_LIMIT_SEC };
"INTERNAL_RAM__Data_Default_INIT":
       place in [from 0x1fff'8000 to 0x2000'0000] { block Data_Default_INIT };
define block HEAP with size = 2K, alignment = 8 { };
define block Heap_Default
   with fixed order, alignment = 4 {
      section Heap_Default_START_SEC, block HEAP,
      section Heap_Default_LIMIT_SEC };
"INTERNAL_RAM__Heap_Default":
       place in [from 0x1fff'8000 to 0x2000'0000] { block Heap_Default };
do not initialize {
   section .OS_STACK_APPLICATION_10MS_TASK_VAR_NOINIT,
   section .OS_STACK_APPLICATION_500MS_TASK_VAR_NOINIT,
   section .OS_STACK_DEFAULT_BSW_10MS_TASK_VAR_NOINIT,
   section .OS_STACK_DEFAULT_BSW_20MS_TASK_VAR_NOINIT,
   section .OS_STACK_OSCORE0_ERROR_VAR_NOINIT,
   section .OS_STACK_OSCORE0_INIT_VAR_NOINIT,
   section .OS_STACK_OSCORE0_ISR_CORE_VAR_NOINIT,
   section .OS_STACK_OSCORE0_ISR_LEVEL85_VAR_NOINIT,
   section .OS_STACK_OSCORE0_KERNEL_VAR_NOINIT,
   section .OS_STACK_OSCORE0_TASK_PRIO40_VAR_NOINIT,
   section .OS_STACK_OSCORE0_TASK_PRIO4294967295_VAR_NOINIT,
   section .OS_STACK_OSCORE0_TASK_PRIO45_VAR_NOINIT,
   section .OS_STACK_OSCORE0_TASK_PRIO50_VAR_NOINIT,
   section .OS_STACK_OSCORE0_TASK_PRIO5_VAR_NOINIT,
   section .OS_STACK_OSCORE0_TASK_PRIO60_VAR_NOINIT,
   section .OS_STACK_STARTAPPLICATION_NVM_TASK_VAR_NOINIT,
   section .OS_SystemApplication_OsCore0_VAR_FAST_NOCACHE_NOINIT,
   section .OS_SystemApplication_OsCore0_VAR_FAST_NOINIT,
   section .OS_SystemApplication_OsCore0_VAR_NOCACHE_NOINIT,
   section .OS_SystemApplication_OsCore0_VAR_NOINIT,
   section .OS_CORE0_VAR_FAST_NOCACHE_NOINIT,
   section .OS_CORE0_VAR_FAST_NOINIT, section .OS_CORE0_VAR_NOCACHE_NOINIT,
   section .OS_CORE0_VAR_NOINIT,
   section .OS_BARRIER_CORE0_VAR_FAST_NOCACHE_NOINIT,
   section .OS_BARRIER_CORE0_VAR_FAST_NOCACHE_ZERO_INIT,
   section .OS_BARRIER_CORE0_VAR_FAST_NOINIT,
   section .OS_BARRIER_CORE0_VAR_FAST_ZERO_INIT,
   section .OS_BARRIER_CORE0_VAR_NOCACHE_NOINIT,
   section .OS_BARRIER_CORE0_VAR_NOCACHE_ZERO_INIT,
   section .OS_BARRIER_CORE0_VAR_NOINIT,
   section .OS_BARRIER_CORE0_VAR_ZERO_INIT,
   section .OS_CORESTATUS_CORE0_VAR_FAST_NOCACHE_NOINIT,
   section .OS_CORESTATUS_CORE0_VAR_FAST_NOCACHE_ZERO_INIT,
   section .OS_CORESTATUS_CORE0_VAR_FAST_NOINIT,
   section .OS_CORESTATUS_CORE0_VAR_FAST_ZERO_INIT,
   section .OS_CORESTATUS_CORE0_VAR_NOCACHE_NOINIT,
   section .OS_CORESTATUS_CORE0_VAR_NOCACHE_ZERO_INIT,
   section .OS_CORESTATUS_CORE0_VAR_NOINIT,
   section .OS_CORESTATUS_CORE0_VAR_ZERO_INIT,
   section .OS_GLOBALSHARED_VAR_FAST_NOCACHE_NOINIT,
   section .OS_GLOBALSHARED_VAR_FAST_NOCACHE_ZERO_INIT,
   section .OS_GLOBALSHARED_VAR_FAST_NOINIT,
   section .OS_GLOBALSHARED_VAR_FAST_ZERO_INIT,
   section .OS_GLOBALSHARED_VAR_NOCACHE_NOINIT,
   section .OS_GLOBALSHARED_VAR_NOCACHE_ZERO_INIT,
   section .OS_GLOBALSHARED_VAR_NOINIT, section .OS_GLOBALSHARED_VAR_ZERO_INIT,
   section .OS_PUBLIC_CORE0_VAR_FAST_NOCACHE_NOINIT,
   section .OS_PUBLIC_CORE0_VAR_FAST_NOCACHE_ZERO_INIT,
   section .OS_PUBLIC_CORE0_VAR_FAST_NOINIT,
   section .OS_PUBLIC_CORE0_VAR_FAST_ZERO_INIT,
   section .OS_PUBLIC_CORE0_VAR_NOCACHE_NOINIT,
   section .OS_PUBLIC_CORE0_VAR_NOCACHE_ZERO_INIT,
   section .OS_PUBLIC_CORE0_VAR_NOINIT, section .OS_PUBLIC_CORE0_VAR_ZERO_INIT,
   section .OS_VAR_FAST_NOCACHE_NOINIT, section .OS_VAR_FAST_NOCACHE_ZERO_INIT,
   section .OS_VAR_FAST_NOINIT, section .OS_VAR_FAST_ZERO_INIT,
   section .OS_VAR_NOCACHE_NOINIT, section .OS_VAR_NOCACHE_ZERO_INIT,
   section .OS_VAR_NOINIT, section .OS_VAR_ZERO_INIT, section .bss, rw };
initialize manually with packing = copy, complex ranges {
   section .OS_BARRIER_CORE0_VAR, section .OS_BARRIER_CORE0_VAR_FAST,
   section .OS_BARRIER_CORE0_VAR_FAST_NOCACHE,
   section .OS_BARRIER_CORE0_VAR_NOCACHE, section .OS_CORESTATUS_CORE0_VAR,
   section .OS_CORESTATUS_CORE0_VAR_FAST,
   section .OS_CORESTATUS_CORE0_VAR_FAST_NOCACHE,
   section .OS_CORESTATUS_CORE0_VAR_NOCACHE, section .OS_GLOBALSHARED_VAR,
   section .OS_GLOBALSHARED_VAR_FAST,
   section .OS_GLOBALSHARED_VAR_FAST_NOCACHE,
   section .OS_GLOBALSHARED_VAR_NOCACHE, section .OS_PUBLIC_CORE0_VAR,
   section .OS_PUBLIC_CORE0_VAR_FAST,
   section .OS_PUBLIC_CORE0_VAR_FAST_NOCACHE,
   section .OS_PUBLIC_CORE0_VAR_NOCACHE, section .OS_VAR, section .OS_VAR_FAST,
   section .OS_VAR_FAST_NOCACHE, section .OS_VAR_NOCACHE,
   section .function_in_ram, section .data };
keep { section OS_EXCVEC_CORE0_CODE_START_SEC };
keep { section OS_EXCVEC_CORE0_CODE_LIMIT_SEC };
keep { section OS_EXCVEC_CORE0_CONST_START_SEC };
keep { section OS_EXCVEC_CORE0_CONST_LIMIT_SEC };
keep { section OS_INTVEC_CODE_START_SEC };
keep { section OS_INTVEC_CODE_LIMIT_SEC };
keep { section OS_INTVEC_CORE0_CODE_START_SEC };
keep { section OS_INTVEC_CORE0_CODE_LIMIT_SEC };
keep { section OS_INTVEC_CORE0_CONST_START_SEC };
keep { section OS_INTVEC_CORE0_CONST_LIMIT_SEC };
keep { section OS_STACKS_CORE0_NOINIT_START_SEC };
keep { section OS_STACKS_CORE0_NOINIT_LIMIT_SEC };
keep { section OS_SystemApplication_OsCore0_NOINIT_START_SEC };
keep { section OS_SystemApplication_OsCore0_NOINIT_LIMIT_SEC };
keep { section Startup_Code_START_SEC };
keep { section Startup_Code_LIMIT_SEC };
keep { section Startup_Stack_START_SEC };
keep { section Startup_Stack_LIMIT_SEC };
keep { section Code_Default_START_SEC };
keep { section Code_Default_LIMIT_SEC };
keep { section OS_CODE_START_SEC };
keep { section OS_CODE_LIMIT_SEC };
keep { section OS_CONST_START_SEC };
keep { section OS_CONST_LIMIT_SEC };
keep { section OS_DATA_CORE0_NOINIT_START_SEC };
keep { section OS_DATA_CORE0_NOINIT_LIMIT_SEC };
keep { section OS_DATA_SHARED_NOINIT_START_SEC };
keep { section OS_DATA_SHARED_NOINIT_LIMIT_SEC };
keep { section OS_DATA_SHARED_INIT_START_SEC };
keep { section OS_DATA_SHARED_INIT_LIMIT_SEC };
keep { section OS_DATA_SHARED_ZERO_INIT_START_SEC };
keep { section OS_DATA_SHARED_ZERO_INIT_LIMIT_SEC };
keep { section Const_Default_START_SEC };
keep { section Const_Default_LIMIT_SEC };
keep { section Data_Default_START_SEC };
keep { section Data_Default_LIMIT_SEC };
keep { section Data_Default_INIT_START_SEC };
keep { section Data_Default_INIT_LIMIT_SEC };
keep { section Heap_Default_START_SEC };
keep { section Heap_Default_LIMIT_SEC };

No sections matched the following patterns:

  section .APPLHEADER                                            in "P4"
  section .APPLVECT                                              in "P3"
  section .BMHDRHEADER                                           in "P5"
  section .CAL_DATA_SEC                                          in "P2"
  section .OS_Adc_Adc12bsarv2_EndGroupConvUnit0_CODE             in block OS_Adc_Adc12bsarv2_EndGroupConvUnit0_CODE_BLOCK
  section .OS_Adc_Adc12bsarv2_EndGroupConvUnit1_CODE             in block OS_Adc_Adc12bsarv2_EndGroupConvUnit1_CODE_BLOCK
  section .OS_Application_10ms_Task_CODE                         in block OS_Application_10ms_Task_CODE_BLOCK
  section .OS_Application_2ms_Task_CODE                          in block OS_Application_2ms_Task_CODE_BLOCK
  section .OS_Application_500ms_Task_CODE                        in block OS_Application_500ms_Task_CODE_BLOCK
  section .OS_BARRIER_CORE0_VAR                                  in block OS_BARRIER_CORE0_VAR_BLOCK
  section .OS_BARRIER_CORE0_VAR_FAST                             in block OS_BARRIER_CORE0_VAR_FAST_BLOCK
  section .OS_BARRIER_CORE0_VAR_FAST_NOCACHE                     in block OS_BARRIER_CORE0_VAR_FAST_NOCACHE_BLOCK
  section .OS_BARRIER_CORE0_VAR_FAST_NOCACHE_NOINIT              in block OS_BARRIER_CORE0_VAR_FAST_NOCACHE_NOINIT_BLOCK
  section .OS_BARRIER_CORE0_VAR_FAST_NOCACHE_ZERO_INIT           in block OS_BARRIER_CORE0_VAR_FAST_NOCACHE_ZERO_INIT_BLOCK
  section .OS_BARRIER_CORE0_VAR_FAST_NOCACHE_init                in block OS_BARRIER_CORE0_VAR_FAST_NOCACHE_init_BLOCK
  section .OS_BARRIER_CORE0_VAR_FAST_NOINIT                      in block OS_BARRIER_CORE0_VAR_FAST_NOINIT_BLOCK
  section .OS_BARRIER_CORE0_VAR_FAST_ZERO_INIT                   in block OS_BARRIER_CORE0_VAR_FAST_ZERO_INIT_BLOCK
  section .OS_BARRIER_CORE0_VAR_FAST_init                        in block OS_BARRIER_CORE0_VAR_FAST_init_BLOCK
  section .OS_BARRIER_CORE0_VAR_NOCACHE                          in block OS_BARRIER_CORE0_VAR_NOCACHE_BLOCK
  section .OS_BARRIER_CORE0_VAR_NOCACHE_ZERO_INIT                in block OS_BARRIER_CORE0_VAR_NOCACHE_ZERO_INIT_BLOCK
  section .OS_BARRIER_CORE0_VAR_NOCACHE_init                     in block OS_BARRIER_CORE0_VAR_NOCACHE_init_BLOCK
  section .OS_BARRIER_CORE0_VAR_NOINIT                           in block OS_BARRIER_CORE0_VAR_NOINIT_BLOCK
  section .OS_BARRIER_CORE0_VAR_ZERO_INIT                        in block OS_BARRIER_CORE0_VAR_ZERO_INIT_BLOCK
  section .OS_BARRIER_CORE0_VAR_init                             in block OS_BARRIER_CORE0_VAR_init_BLOCK
  section .OS_CONST_FAST                                         in block OS_CONST_FAST_BLOCK
  section .OS_CORE0_CONST_FAST                                   in block OS_CORE0_CONST_FAST_BLOCK
  section .OS_CORE0_VAR_FAST_NOCACHE_NOINIT                      in block OS_CORE0_VAR_FAST_NOCACHE_NOINIT_BLOCK
  section .OS_CORE0_VAR_NOCACHE_NOINIT                           in block OS_CORE0_VAR_NOCACHE_NOINIT_BLOCK
  section .OS_CORESTATUS_CORE0_VAR                               in block OS_CORESTATUS_CORE0_VAR_BLOCK
  section .OS_CORESTATUS_CORE0_VAR_FAST                          in block OS_CORESTATUS_CORE0_VAR_FAST_BLOCK
  section .OS_CORESTATUS_CORE0_VAR_FAST_NOCACHE                  in block OS_CORESTATUS_CORE0_VAR_FAST_NOCACHE_BLOCK
  section .OS_CORESTATUS_CORE0_VAR_FAST_NOCACHE_NOINIT           in block OS_CORESTATUS_CORE0_VAR_FAST_NOCACHE_NOINIT_BLOCK
  section .OS_CORESTATUS_CORE0_VAR_FAST_NOCACHE_ZERO_INIT        in block OS_CORESTATUS_CORE0_VAR_FAST_NOCACHE_ZERO_INIT_BLOCK
  section .OS_CORESTATUS_CORE0_VAR_FAST_NOCACHE_init             in block OS_CORESTATUS_CORE0_VAR_FAST_NOCACHE_init_BLOCK
  section .OS_CORESTATUS_CORE0_VAR_FAST_NOINIT                   in block OS_CORESTATUS_CORE0_VAR_FAST_NOINIT_BLOCK
  section .OS_CORESTATUS_CORE0_VAR_FAST_ZERO_INIT                in block OS_CORESTATUS_CORE0_VAR_FAST_ZERO_INIT_BLOCK
  section .OS_CORESTATUS_CORE0_VAR_FAST_init                     in block OS_CORESTATUS_CORE0_VAR_FAST_init_BLOCK
  section .OS_CORESTATUS_CORE0_VAR_NOCACHE                       in block OS_CORESTATUS_CORE0_VAR_NOCACHE_BLOCK
  section .OS_CORESTATUS_CORE0_VAR_NOCACHE_ZERO_INIT             in block OS_CORESTATUS_CORE0_VAR_NOCACHE_ZERO_INIT_BLOCK
  section .OS_CORESTATUS_CORE0_VAR_NOCACHE_init                  in block OS_CORESTATUS_CORE0_VAR_NOCACHE_init_BLOCK
  section .OS_CORESTATUS_CORE0_VAR_NOINIT                        in block OS_CORESTATUS_CORE0_VAR_NOINIT_BLOCK
  section .OS_CORESTATUS_CORE0_VAR_ZERO_INIT                     in block OS_CORESTATUS_CORE0_VAR_ZERO_INIT_BLOCK
  section .OS_CORESTATUS_CORE0_VAR_init                          in block OS_CORESTATUS_CORE0_VAR_init_BLOCK
  section .OS_CanBusOffIsr_0_CODE                                in block OS_CanBusOffIsr_0_CODE_BLOCK
  section .OS_CanMailboxIsr_0_CODE                               in block OS_CanMailboxIsr_0_CODE_BLOCK
  section .OS_Default_BSW_10ms_Task_CODE                         in block OS_Default_BSW_10ms_Task_CODE_BLOCK
  section .OS_Default_BSW_20ms_Task_CODE                         in block OS_Default_BSW_20ms_Task_CODE_BLOCK
  section .OS_Default_BSW_5ms_Task_CODE                          in block OS_Default_BSW_5ms_Task_CODE_BLOCK
  section .OS_Default_BSW_ServiceDispatcher_CODE                 in block OS_Default_BSW_ServiceDispatcher_CODE_BLOCK
  section .OS_Default_Init_Task_CODE                             in block OS_Default_Init_Task_CODE_BLOCK
  section .OS_ERRORHOOK_CODE                                     in block OS_ERRORHOOK_CODE_BLOCK
  section .OS_EXCVEC_CORE0_CODE                                  in block OS_EXCVEC_CORE0_CODE_BLOCK
  section .OS_EXCVEC_CORE0_CONST                                 in block OS_EXCVEC_CORE0_CONST_BLOCK
  section .OS_EXCVEC_CORE0_CONST_FAST                            in block OS_EXCVEC_CORE0_CONST_FAST_BLOCK
  section .OS_FTM_0_CH_0_CH_1_ISR_CODE                           in block OS_FTM_0_CH_0_CH_1_ISR_CODE_BLOCK
  section .OS_FTM_0_CH_2_CH_3_ISR_CODE                           in block OS_FTM_0_CH_2_CH_3_ISR_CODE_BLOCK
  section .OS_GLOBALSHARED_CONST                                 in block OS_GLOBALSHARED_CONST_BLOCK
  section .OS_GLOBALSHARED_CONST_FAST                            in block OS_GLOBALSHARED_CONST_FAST_BLOCK
  section .OS_GLOBALSHARED_VAR                                   in block OS_GLOBALSHARED_VAR_BLOCK
  section .OS_GLOBALSHARED_VAR_FAST                              in block OS_GLOBALSHARED_VAR_FAST_BLOCK
  section .OS_GLOBALSHARED_VAR_FAST_NOCACHE                      in block OS_GLOBALSHARED_VAR_FAST_NOCACHE_BLOCK
  section .OS_GLOBALSHARED_VAR_FAST_NOCACHE_NOINIT               in block OS_GLOBALSHARED_VAR_FAST_NOCACHE_NOINIT_BLOCK
  section .OS_GLOBALSHARED_VAR_FAST_NOCACHE_ZERO_INIT            in block OS_GLOBALSHARED_VAR_FAST_NOCACHE_ZERO_INIT_BLOCK
  section .OS_GLOBALSHARED_VAR_FAST_NOCACHE_init                 in block OS_GLOBALSHARED_VAR_FAST_NOCACHE_init_BLOCK
  section .OS_GLOBALSHARED_VAR_FAST_NOINIT                       in block OS_GLOBALSHARED_VAR_FAST_NOINIT_BLOCK
  section .OS_GLOBALSHARED_VAR_FAST_ZERO_INIT                    in block OS_GLOBALSHARED_VAR_FAST_ZERO_INIT_BLOCK
  section .OS_GLOBALSHARED_VAR_FAST_init                         in block OS_GLOBALSHARED_VAR_FAST_init_BLOCK
  section .OS_GLOBALSHARED_VAR_NOCACHE                           in block OS_GLOBALSHARED_VAR_NOCACHE_BLOCK
  section .OS_GLOBALSHARED_VAR_NOCACHE_NOINIT                    in block OS_GLOBALSHARED_VAR_NOCACHE_NOINIT_BLOCK
  section .OS_GLOBALSHARED_VAR_NOCACHE_ZERO_INIT                 in block OS_GLOBALSHARED_VAR_NOCACHE_ZERO_INIT_BLOCK
  section .OS_GLOBALSHARED_VAR_NOCACHE_init                      in block OS_GLOBALSHARED_VAR_NOCACHE_init_BLOCK
  section .OS_GLOBALSHARED_VAR_NOINIT                            in block OS_GLOBALSHARED_VAR_NOINIT_BLOCK
  section .OS_GLOBALSHARED_VAR_ZERO_INIT                         in block OS_GLOBALSHARED_VAR_ZERO_INIT_BLOCK
  section .OS_GLOBALSHARED_VAR_init                              in block OS_GLOBALSHARED_VAR_init_BLOCK
  section .OS_ICU_PORT_CI_A_EXT_IRQ_ISR_CODE                     in block OS_ICU_PORT_CI_A_EXT_IRQ_ISR_CODE_BLOCK
  section .OS_ICU_PORT_CI_B_EXT_IRQ_ISR_CODE                     in block OS_ICU_PORT_CI_B_EXT_IRQ_ISR_CODE_BLOCK
  section .OS_INTVEC_CODE                                        in block OS_INTVEC_CODE_BLOCK
  section .OS_INTVEC_CONST                                       in block OS_INTVEC_CONST_BLOCK
  section .OS_INTVEC_CONST_FAST                                  in block OS_INTVEC_CONST_FAST_BLOCK
  section .OS_INTVEC_CORE0_CONST_FAST                            in block OS_INTVEC_CORE0_CONST_FAST_BLOCK
  section .OS_OS_COREINITHOOK_CODE                               in block OS_OS_COREINITHOOK_CODE_BLOCK
  section .OS_PUBLIC_CORE0_VAR                                   in block OS_PUBLIC_CORE0_VAR_BLOCK
  section .OS_PUBLIC_CORE0_VAR_FAST                              in block OS_PUBLIC_CORE0_VAR_FAST_BLOCK
  section .OS_PUBLIC_CORE0_VAR_FAST_NOCACHE                      in block OS_PUBLIC_CORE0_VAR_FAST_NOCACHE_BLOCK
  section .OS_PUBLIC_CORE0_VAR_FAST_NOCACHE_NOINIT               in block OS_PUBLIC_CORE0_VAR_FAST_NOCACHE_NOINIT_BLOCK
  section .OS_PUBLIC_CORE0_VAR_FAST_NOCACHE_ZERO_INIT            in block OS_PUBLIC_CORE0_VAR_FAST_NOCACHE_ZERO_INIT_BLOCK
  section .OS_PUBLIC_CORE0_VAR_FAST_NOCACHE_init                 in block OS_PUBLIC_CORE0_VAR_FAST_NOCACHE_init_BLOCK
  section .OS_PUBLIC_CORE0_VAR_FAST_NOINIT                       in block OS_PUBLIC_CORE0_VAR_FAST_NOINIT_BLOCK
  section .OS_PUBLIC_CORE0_VAR_FAST_ZERO_INIT                    in block OS_PUBLIC_CORE0_VAR_FAST_ZERO_INIT_BLOCK
  section .OS_PUBLIC_CORE0_VAR_FAST_init                         in block OS_PUBLIC_CORE0_VAR_FAST_init_BLOCK
  section .OS_PUBLIC_CORE0_VAR_NOCACHE                           in block OS_PUBLIC_CORE0_VAR_NOCACHE_BLOCK
  section .OS_PUBLIC_CORE0_VAR_NOCACHE_NOINIT                    in block OS_PUBLIC_CORE0_VAR_NOCACHE_NOINIT_BLOCK
  section .OS_PUBLIC_CORE0_VAR_NOCACHE_ZERO_INIT                 in block OS_PUBLIC_CORE0_VAR_NOCACHE_ZERO_INIT_BLOCK
  section .OS_PUBLIC_CORE0_VAR_NOCACHE_init                      in block OS_PUBLIC_CORE0_VAR_NOCACHE_init_BLOCK
  section .OS_PUBLIC_CORE0_VAR_NOINIT                            in block OS_PUBLIC_CORE0_VAR_NOINIT_BLOCK
  section .OS_PUBLIC_CORE0_VAR_ZERO_INIT                         in block OS_PUBLIC_CORE0_VAR_ZERO_INIT_BLOCK
  section .OS_PUBLIC_CORE0_VAR_init                              in block OS_PUBLIC_CORE0_VAR_init_BLOCK
  section .OS_STACK_DEFAULT_APPL_TASK_VAR_NOINIT                 in block OS_STACK_DEFAULT_APPL_TASK_VAR_NOINIT_BLOCK
  section .OS_STACK_DEFAULT_BSW_ASYNC_TASK_VAR_NOINIT            in block OS_STACK_DEFAULT_BSW_ASYNC_TASK_VAR_NOINIT_BLOCK
  section .OS_STACK_IO_TASK_VAR_NOINIT                           in block OS_STACK_IO_TASK_VAR_NOINIT_BLOCK
  section .OS_STACK_OSCORE0_ISR_LEVEL85_VAR_NOINIT               in block OS_STACK_OSCORE0_ISR_LEVEL85_VAR_NOINIT_BLOCK
  section .OS_STACK_OSCORE0_PROTECTION_VAR_NOINIT                in block OS_STACK_OSCORE0_PROTECTION_VAR_NOINIT_BLOCK
  section .OS_STACK_OSCORE0_TASK_PRIO10_VAR_NOINIT               in block OS_STACK_OSCORE0_TASK_PRIO10_VAR_NOINIT_BLOCK
  section .OS_STACK_OSCORE0_TASK_PRIO2_VAR_NOINIT                in block OS_STACK_OSCORE0_TASK_PRIO2_VAR_NOINIT_BLOCK
  section .OS_STACK_OSCORE0_TASK_PRIO30_VAR_NOINIT               in block OS_STACK_OSCORE0_TASK_PRIO30_VAR_NOINIT_BLOCK
  section .OS_STACK_OSCORE0_TASK_PRIO40_VAR_NOINIT               in block OS_STACK_OSCORE0_TASK_PRIO40_VAR_NOINIT_BLOCK
  section .OS_STACK_OSCORE0_TASK_PRIO45_VAR_NOINIT               in block OS_STACK_OSCORE0_TASK_PRIO45_VAR_NOINIT_BLOCK
  section .OS_STACK_OSCORE0_TASK_PRIO50_VAR_NOINIT               in block OS_STACK_OSCORE0_TASK_PRIO50_VAR_NOINIT_BLOCK
  section .OS_STACK_OSCORE0_TASK_PRIO5_VAR_NOINIT                in block OS_STACK_OSCORE0_TASK_PRIO5_VAR_NOINIT_BLOCK
  section .OS_StartApplication_Appl_Init_Task_CODE               in block OS_StartApplication_Appl_Init_Task_CODE_BLOCK
  section .OS_StartApplication_NVM_Task_CODE                     in block OS_StartApplication_NVM_Task_CODE_BLOCK
  section .OS_SystemApplication_OsCore0_CONST                    in block OS_SystemApplication_OsCore0_CONST_BLOCK
  section .OS_SystemApplication_OsCore0_CONST_FAST               in block OS_SystemApplication_OsCore0_CONST_FAST_BLOCK
  section .OS_SystemApplication_OsCore0_VAR_FAST_NOCACHE_NOINIT  in block OS_SystemApplication_OsCore0_VAR_FAST_NOCACHE_NOINIT_BLOCK
  section .OS_SystemApplication_OsCore0_VAR_FAST_NOINIT          in block OS_SystemApplication_OsCore0_VAR_FAST_NOINIT_BLOCK
  section .OS_SystemApplication_OsCore0_VAR_NOCACHE_NOINIT       in block OS_SystemApplication_OsCore0_VAR_NOCACHE_NOINIT_BLOCK
  section .OS_SystemApplication_OsCore0_VAR_NOINIT               in block OS_SystemApplication_OsCore0_VAR_NOINIT_BLOCK
  section .OS_VAR                                                in block OS_VAR_BLOCK
  section .OS_VAR_FAST                                           in block OS_VAR_FAST_BLOCK
  section .OS_VAR_FAST_NOCACHE                                   in block OS_VAR_FAST_NOCACHE_BLOCK
  section .OS_VAR_FAST_NOCACHE_NOINIT                            in block OS_VAR_FAST_NOCACHE_NOINIT_BLOCK
  section .OS_VAR_FAST_NOCACHE_ZERO_INIT                         in block OS_VAR_FAST_NOCACHE_ZERO_INIT_BLOCK
  section .OS_VAR_FAST_NOCACHE_init                              in block OS_VAR_FAST_NOCACHE_init_BLOCK
  section .OS_VAR_FAST_NOINIT                                    in block OS_VAR_FAST_NOINIT_BLOCK
  section .OS_VAR_FAST_ZERO_INIT                                 in block OS_VAR_FAST_ZERO_INIT_BLOCK
  section .OS_VAR_FAST_init                                      in block OS_VAR_FAST_init_BLOCK
  section .OS_VAR_NOCACHE                                        in block OS_VAR_NOCACHE_BLOCK
  section .OS_VAR_NOCACHE_ZERO_INIT                              in block OS_VAR_NOCACHE_ZERO_INIT_BLOCK
  section .OS_VAR_NOCACHE_init                                   in block OS_VAR_NOCACHE_init_BLOCK
  section .OS_VAR_NOINIT                                         in block OS_VAR_NOINIT_BLOCK
  section .OS_VAR_ZERO_INIT                                      in block OS_VAR_ZERO_INIT_BLOCK
  section .OS_VAR_init                                           in block OS_VAR_init_BLOCK
  section .brsStartup                                            in block Startup_Code_Core0
  section .function_in_ram                                       in block function_in_ram_BLOCK
  section .function_in_ram_init                                  in block function_in_ram_init_BLOCK
  section .iar.init_table                                        in block DEFAULT_INIT_TABLE_BLOCK
  section .mcal_bss                                              in block OS_DATA_SHARED_ZERO_INIT
  section .mcal_const                                            in block OS_CONST
  section .mcal_const_cfg                                        in block OS_CONST
  section .mcal_data                                             in block OS_DATA_SHARED_ZERO_INIT
  section .mcal_text                                             in block OS_CODE


  Section                 Kind               Address      Size  Object
  -------                 ----               -------      ----  ------
"VECTORS__OS_EXCVEC_CORE0_CONST":                          0x0
  OS_EXCVEC_CORE0_CONST                          0x0       0x0  <Block>
    OS_EXCVEC_CORE0_CONST_START_SEC
                          uninit                 0x0       0x0  <internal module>
    OS_EXCVEC_CORE0_CONST_LIMIT_SEC
                          uninit                 0x0       0x0  <internal module>

"VECTORS__OS_INTVEC_CORE0_CONST":                        0x3c0
  OS_INTVEC_CORE0_CONST                          0x0     0x3c0  <Block>
    OS_INTVEC_CORE0_CONST_START_SEC
                          uninit                 0x0       0x0  <internal module>
    OS_INTVEC_CORE0_CONST_BLOCK
                                                 0x0     0x3c0  <Block>
      .OS_INTVEC_CORE0_CONST
                          const                  0x0     0x3c0  Os_Hal_Entry_Lcfg.o [1]
    OS_INTVEC_CORE0_CONST_LIMIT_SEC
                          uninit               0x3c0       0x0  <internal module>
                                             - 0x3c0     0x3c0

"P1":                                                     0x10
  FlashConfig             ro code              0x400      0x10  startup_S32K148.o [1]
                                             - 0x410      0x10

"PROGRAM_FLASH__OS_EXCVEC_CORE0_CODE":                     0x0
  OS_EXCVEC_CORE0_CODE                         0x500       0x0  <Block>
    OS_EXCVEC_CORE0_CODE_START_SEC
                          uninit               0x500       0x0  <internal module>
    OS_EXCVEC_CORE0_CODE_LIMIT_SEC
                          uninit               0x500       0x0  <internal module>

"PROGRAM_FLASH__OS_INTVEC_CODE":                           0x0
  OS_INTVEC_CODE                               0x500       0x0  <Block>
    OS_INTVEC_CODE_START_SEC
                          uninit               0x500       0x0  <internal module>
    OS_INTVEC_CODE_LIMIT_SEC
                          uninit               0x500       0x0  <internal module>

"PROGRAM_FLASH__OS_INTVEC_CORE0_CODE":                   0x128
  OS_INTVEC_CORE0_CODE                         0x500     0x128  <Block>
    OS_INTVEC_CORE0_CODE_START_SEC
                          uninit               0x500       0x0  <internal module>
    OS_INTVEC_CORE0_CODE_BLOCK
                                               0x500     0x128  <Block>
      .OS_INTVEC_CORE0_CODE
                          ro code              0x500     0x128  Os_Hal_EntryAsm_Lcfg.o [1]
    OS_INTVEC_CORE0_CODE_LIMIT_SEC
                          uninit               0x628       0x0  <internal module>
                                             - 0x628     0x128

"PROGRAM_FLASH__Startup_Code":                             0x0
  Startup_Code                                 0x628       0x0  <Block>
    Startup_Code_START_SEC
                          uninit               0x628       0x0  <internal module>
    Startup_Code_LIMIT_SEC
                          uninit               0x628       0x0  <internal module>

"PROGRAM_FLASH__Code_Default":                          0x5ce8
  Code_Default                                 0x628    0x5ce8  <Block>
    Code_Default_START_SEC
                          uninit               0x628       0x0  <internal module>
    DEFAULT_CODE_BLOCK                         0x628    0x5ce8  <Block>
      .text               ro code              0x628      0xa4  BrsAsrMain.o [1]
      .text               ro code              0x6cc     0x270  EcuM.o [1]
      .text               ro code              0x93c    0x11d8  Can.o [1]
      .text               ro code             0x1b14     0x4ec  ComM.o [1]
      .text               ro code             0x2000      0x70  EcuM_Callout_Stubs.o [1]
      .text               ro code             0x2070      0x28  Det.o [1]
      .text               ro code             0x2098     0x650  BswM.o [1]
      .text               ro code             0x26e8     0x168  Rte.o [1]
      .text               ro code             0x2850     0xb5c  CanIf.o [1]
      .text               ro code             0x33ac      0x28  ComM_Lcfg.o [1]
      .text               ro code             0x33d4     0x6ec  CanSM.o [1]
      .text               ro code             0x3ac0     0xb78  Com.o [1]
      .text               ro code             0x4638     0x150  PduR.o [1]
      .text               ro code             0x4788     0x1dc  Mcu.o [1]
      .text               ro code             0x4964      0x28  Port.o [1]
      .text               ro code             0x498c     0x5e8  BswM_Lcfg.o [1]
      .text               ro code             0x4f74      0xe8  Ct_LEDCtrl.o [1]
      .text               ro code             0x505c     0x5a4  vstdlib.o [1]
      .text               ro code             0x5600      0x42  PduR_Lcfg.o [1]
      .text               ro code             0x5642       0x2  startup_S32K148.o [1]
      .text               ro code             0x5644     0x17c  PduR_RmIf.o [1]
      .text               ro code             0x57c0      0xd0  Mcu_IPW.o [1]
      .text               ro code             0x5890     0x324  Port_Port_Ci.o [1]
      .text               ro code             0x5bb4      0x38  BswM_Callout_Stubs.o [1]
      .text               ro code             0x5bec      0x9a  Dio.o [1]
      .text               ro code             0x5c86       0x2  startup_S32K148.o [1]
      .text               ro code             0x5c88      0x7c  PduR_Lock.o [1]
      .text               ro code             0x5d04      0xbc  Mcu_SIM.o [1]
      .text               ro code             0x5dc0      0x24  Mcu_RCM.o [1]
      .text               ro code             0x5de4      0x34  Mcu_PMC.o [1]
      .text               ro code             0x5e18      0x10  Mcu_SMC.o [1]
      .text               ro code             0x5e28     0x1c0  Mcu_SCG.o [1]
      .text               ro code             0x5fe8      0x68  Mcu_PCC.o [1]
      .text               ro code             0x6050      0x48  Dio_Gpio.o [1]
      .text               ro code             0x6098      0x30  IPDU_Callout.o [1]
      .text               ro code             0x60c8      0xc4  startup.o [1]
      .text               ro code             0x618c      0x3c  startup_S32K148.o [1]
      .text               ro code             0x61c8      0x2c  system_S32K148.o [1]
      .text               ro code             0x61f4      0x86  ABImemcpy.o [3]
      .text               ro code             0x627a       0x2  startup_S32K148.o [1]
      .text               ro code             0x627c      0x1e  cmain.o [3]
      .text               ro code             0x629a       0x4  low_level_init.o [2]
      .text               ro code             0x629e       0x4  exit.o [2]
      .text               ro code             0x62a2       0x2  startup_S32K148.o [1]
      .text               ro code             0x62a4       0xa  cexit.o [3]
      .text               ro code             0x62ae       0x2  startup_S32K148.o [1]
      .text               ro code             0x62b0      0x14  exit.o [4]
      .text               ro code             0x62c4      0x10  Can_Irq.o [1]
      .text               ro code             0x62d4      0x18  Os_Callout_Stubs.o [1]
      .text               ro code             0x62ec       0xc  Os_Core.o [1]
      .text               ro code             0x62f8       0x2  startup_S32K148.o [1]
      .text               ro code             0x62fa       0x2  startup_S32K148.o [1]
      .text               ro code             0x62fc       0x2  startup_S32K148.o [1]
      .text               ro code             0x62fe       0x2  startup_S32K148.o [1]
      .text               ro code             0x6300       0x4  startup_S32K148.o [1]
      .text               ro code             0x6304       0xc  cstartup_M.o [3]
    Code_Default_LIMIT_SEC
                          uninit              0x6310       0x0  <internal module>
                                            - 0x6310    0x5ce8

"PROGRAM_FLASH__OS_CODE":                             0x1'524c
  OS_CODE                                     0x6310  0x1'524c  <Block>
    OS_CODE_START_SEC     uninit              0x6310       0x0  <internal module>
    OS_CODE_BLOCK                             0x6310  0x1'524c  <Block>
      .OS_CODE            ro code             0x6310     0x182  Os_AccessCheck.o [1]
      .OS_CODE            ro code             0x6494     0x6ba  Os_Error.o [1]
      .OS_CODE            ro code             0x6b50    0x1a68  Os_Task.o [1]
      .OS_CODE            ro code             0x85b8    0x16d6  Os_Isr.o [1]
      .OS_CODE            ro code             0x9c90     0x834  Os_Thread.o [1]
      .OS_CODE            ro code             0xa4c4    0x1390  Os_Application.o [1]
      .OS_CODE            ro code             0xb854    0x1022  Os_Core.o [1]
      .OS_CODE            ro code             0xc878    0x125e  Os_Hook.o [1]
      .OS_CODE            ro code             0xdad8      0x84  Os_Hal_Core.o [1]
      .OS_CODE            ro code             0xdb5c     0x5c4  Os_XSignal.o [1]
      .OS_CODE            ro code             0xe120     0x350  Os_TimingProtection.o [1]
      .OS_CODE            ro code             0xe470     0xb76  Os_Interrupt.o [1]
      .OS_CODE            ro code             0xefe8    0x1e3a  Os_Trap.o [1]
      .OS_CODE            ro code           0x1'0e24    0x1142  Os_Spinlock.o [1]
      .OS_CODE            ro code           0x1'1f68    0x11c0  Os_Resource.o [1]
      .OS_CODE            ro code           0x1'3128     0xd1e  Os_ServiceFunction.o [1]
      .OS_CODE            ro code           0x1'3e48     0x176  Os_Hal_Context_v7m.o [1]
      .OS_CODE            ro code           0x1'3fc0     0x730  Os_Scheduler.o [1]
      .OS_CODE            ro code           0x1'46f0    0x12d4  Os_Counter.o [1]
      .OS_CODE            ro code           0x1'59c4     0x984  Os_Alarm.o [1]
      .OS_CODE            ro code           0x1'6348     0xfc8  Os_ScheduleTable.o [1]
      .OS_CODE            ro code           0x1'7310    0x1740  Os_Ioc.o [1]
      .OS_CODE            ro code           0x1'8a50     0x856  Os_Stack.o [1]
      .OS_CODE            ro code           0x1'92a8     0x36c  Os_Barrier.o [1]
      .OS_CODE            ro code           0x1'9614    0x1324  Os_Event.o [1]
      .OS_CODE            ro code           0x1'a938     0x2b6  Os_Peripheral.o [1]
      .OS_CODE            ro code           0x1'abf0      0x12  Os_Hal_Compiler_Iar.o [1]
      .OS_CODE            ro code           0x1'ac04     0x1d8  Os_Hal_ContextAsm.o [1]
      .OS_CODE            ro code           0x1'addc     0x282  Os_PriorityQueue.o [1]
      .OS_CODE            ro code           0x1'b060     0x390  Os_Timer.o [1]
      .OS_CODE            ro code           0x1'b3f0       0x0  Os_Hal_EntryAsm_Lcfg.o [1]
      .OS_CODE            ro code           0x1'b3f0     0x16c  Os_MemoryProtection.o [1]
    OS_CODE_LIMIT_SEC     uninit            0x1'b55c       0x0  <internal module>
                                          - 0x1'b55c  0x1'524c

"PROGRAM_FLASH__OS_CONST":                               0x8a0
  OS_CONST                                  0x1'b55c     0x8a0  <Block>
    OS_CONST_START_SEC    uninit            0x1'b55c       0x0  <internal module>
    OS_CONST_BLOCK                          0x1'b560      0xf1  <Block>
      .OS_CONST           const             0x1'b560       0x8  Os_AccessCheck_Lcfg.o [1]
      .OS_CONST           const             0x1'b568      0x10  Os_Alarm_Lcfg.o [1]
      .OS_CONST           const             0x1'b578       0x8  Os_Application_Lcfg.o [1]
      .OS_CONST           const             0x1'b580       0x4  Os_Barrier_Lcfg.o [1]
      .OS_CONST           const             0x1'b584       0x4  Os_Core_Lcfg.o [1]
      .OS_CONST           const             0x1'b588       0x8  Os_Core_Lcfg.o [1]
      .OS_CONST           const             0x1'b590      0x28  Os_Core_Lcfg.o [1]
      .OS_CONST           const             0x1'b5b8       0x8  Os_Counter_Lcfg.o [1]
      .OS_CONST           const             0x1'b5c0       0x8  Os_Error_Lcfg.o [1]
      .OS_CONST           const             0x1'b5c8       0x8  Os_Error_Lcfg.o [1]
      .OS_CONST           const             0x1'b5d0       0x8  Os_Hal_Context_Lcfg.o [1]
[...]
PCC_ClockConfigPB0_0       0x1'c264    0x8  Data  Lc  Mcu_PBcfg.o [1]
PCC_aRegistersConfigPB0_0
                           0x1'c164  0x100  Data  Lc  Mcu_PBcfg.o [1]
PDUInfo                 0x1fff'af94    0x8  Data  Gb  Ct_LEDCtrl.o [1]
PDU_DATA                0x1fff'b006    0x1  Data  Gb  Ct_LEDCtrl.o [1]
PMC_ConfigPB0              0x1'c2a4    0x4  Data  Lc  Mcu_PBcfg.o [1]
PduR_CanIfRxIndication       0x5627   0x12  Code  Gb  PduR_Lcfg.o [1]
PduR_CanIfTxConfirmation
                             0x5639    0xa  Code  Gb  PduR_Lcfg.o [1]
PduR_ComTransmit             0x5611   0x16  Code  Gb  PduR_Lcfg.o [1]
PduR_ExclusiveAreaRom      0x1'c2f4    0x8  Data  Gb  PduR_Lcfg.o [1]
PduR_Init                    0x471b   0x38  Code  Gb  PduR.o [1]
PduR_InitMemory              0x476b    0x8  Code  Gb  PduR.o [1]
PduR_Initialized        0x1fff'b014    0x1  Data  Gb  PduR_Lcfg.o [1]
PduR_LoIfRxIndication        0x468f   0x42  Code  Gb  PduR.o [1]
PduR_LoIfTxConfirmation
                             0x46d1   0x4a  Code  Gb  PduR.o [1]
PduR_Lock_Lock               0x5c89   0x12  Code  Lc  PduR_Lock.o [1]
PduR_Lock_LockRoutingPathByDestPdu
                             0x5caf   0x24  Code  Gb  PduR_Lock.o [1]
PduR_Lock_Unlock             0x5c9b   0x14  Code  Lc  PduR_Lock.o [1]
PduR_Lock_UnlockRoutingPathByDestPdu
                             0x5cd3   0x24  Code  Gb  PduR_Lock.o [1]
PduR_MmRom                 0x1'c2fc   0x20  Data  Gb  PduR_Lcfg.o [1]
PduR_RmDestRom             0x1'c31c    0xc  Data  Gb  PduR_Lcfg.o [1]
PduR_RmGDestRom            0x1'c328   0x10  Data  Gb  PduR_Lcfg.o [1]
PduR_RmIf_DispatchIfDestPdu
                             0x5737   0x78  Code  Gb  PduR_RmIf.o [1]
PduR_RmIf_MultipleSourceHandler_Transmit
                             0x5645   0x4c  Code  Lc  PduR_RmIf.o [1]
PduR_RmIf_MultipleSourceHandler_TxConfirmation
                             0x5691   0x6c  Code  Gb  PduR_RmIf.o [1]
PduR_RmIf_RxIndication_MultiIf
                             0x56fd   0x3a  Code  Gb  PduR_RmIf.o [1]
PduR_RmSrcRom              0x1'c338    0xc  Data  Gb  PduR_Lcfg.o [1]
PduR_RmTransmitFctPtr      0x1'c344    0x4  Data  Gb  PduR_Lcfg.o [1]
PduR_Rm_GetSrcDestPdu        0x4753   0x18  Code  Gb  PduR.o [1]
PduR_SchM_Enter_PduR_PDUR_EXCLUSIVE_AREA_0
                             0x5601    0x8  Code  Lc  PduR_Lcfg.o [1]
PduR_SchM_Exit_PduR_PDUR_EXCLUSIVE_AREA_0
                             0x5609    0x8  Code  Lc  PduR_Lcfg.o [1]
PduR_Tx2Lo                 0x1'c4da    0x2  Data  Gb  PduR_Lcfg.o [1]
PduR_TxIf2Up               0x1'c4dc    0x2  Data  Gb  PduR_Lcfg.o [1]
PduR_UpTransmit              0x4639   0x56  Code  Gb  PduR.o [1]
PortConfigSet              0x1'c4ac   0x18  Data  Gb  Port_PBcfg.o [1]
Port_Init                    0x4965   0x22  Code  Gb  Port.o [1]
Port_Port_Ci_Init            0x5af9   0x9e  Code  Gb  Port_Port_Ci.o [1]
Port_Port_Ci_Init_ConfiguredPins
                             0x59bb  0x13e  Code  Lc  Port_Port_Ci.o [1]
Port_Port_Ci_Init_UnusedPins
                             0x5891  0x12a  Code  Lc  Port_Port_Ci.o [1]
Port_Port_Ci_au16GpioDirChangeability
                        0x1fff'afb4   0x14  Data  Lc  Port_Port_Ci.o [1]
Port_UnUsedPin             0x1'c3e4    0x8  Data  Lc  Port_PBcfg.o [1]
Port_aPinConfigDefault     0x1'c3ec   0xc0  Data  Lc  Port_PBcfg.o [1]
Port_au16NoUnUsedPadsArrayDefault
                           0x1'c348   0x9c  Data  Lc  Port_PBcfg.o [1]
Port_pConfig            0x1fff'afb0    0x4  Data  Gb  Port.o [1]
RCM_ResetConfigPB0         0x1'c280    0x8  Data  Lc  Mcu_PBcfg.o [1]
Region$$Table$$Base             0x0          --   Gb  - Linker created -
Region$$Table$$Limit            0x0          --   Gb  - Linker created -
Request_ESH_PostRunRequest_0_requestedMode
                        0x1fff'afed    0x1  Data  Lc  BswM_Lcfg.o [1]
Request_ESH_PostRunRequest_1_requestedMode
                        0x1fff'afee    0x1  Data  Lc  BswM_Lcfg.o [1]
Request_ESH_RunRequest_0_requestedMode
                        0x1fff'afeb    0x1  Data  Lc  BswM_Lcfg.o [1]
Request_ESH_RunRequest_1_requestedMode
                        0x1fff'afec    0x1  Data  Lc  BswM_Lcfg.o [1]
Reset_Handler                0x618d         Code  Wk  startup_S32K148.o [1]
ResumeAllInterrupts        0x1'01ff   0x2e  Code  Gb  Os_Trap.o [1]
ResumeOSInterrupts         0x1'025b   0x2e  Code  Gb  Os_Trap.o [1]
Rte_AckFlags            0x1fff'afc8    0x4  Data  Gb  Rte.o [1]
Rte_InitMemory               0x2759    0x2  Code  Gb  Rte.o [1]
Rte_MemClr                   0x26e9   0x10  Code  Gb  Rte.o [1]
Rte_ModeMachine_BswM_Switch_ESH_ModeSwitch_BswM_MDGP_ESH_Mode
                        0x1fff'b015    0x1  Data  Gb  Rte.o [1]
Rte_Mode_BswM_Notification_ESH_ModeNotification_BswM_MDGP_ESH_Mode
                             0x27b3    0x8  Code  Gb  Rte.o [1]
Rte_Read_BswM_Request_ESH_PostRunRequest_0_requestedMode
                             0x275b    0x8  Code  Gb  Rte.o [1]
Rte_Read_BswM_Request_ESH_PostRunRequest_1_requestedMode
                             0x2763    0x8  Code  Gb  Rte.o [1]
Rte_Read_BswM_Request_ESH_RunRequest_0_requestedMode
                             0x276b    0x8  Code  Gb  Rte.o [1]
Rte_Read_BswM_Request_ESH_RunRequest_1_requestedMode
                             0x2773    0x8  Code  Gb  Rte.o [1]
Rte_Start                    0x2717   0x32  Code  Gb  Rte.o [1]
Rte_Switch_BswM_Switch_ESH_ModeSwitch_BswM_MDGP_ESH_Mode
                             0x277b   0x38  Code  Gb  Rte.o [1]
SCG_ClockConfigPB0_0       0x1'c144   0x20  Data  Lc  Mcu_PBcfg.o [1]
SIM_ClockConfigPB0_0       0x1'c0d8    0xc  Data  Lc  Mcu_PBcfg.o [1]
SIM_ConfigPB0              0x1'c288   0x1c  Data  Lc  Mcu_PBcfg.o [1]
SIRC_ClockConfigPB0_0      0x1'c0fc   0x18  Data  Lc  Mcu_PBcfg.o [1]
SMC_ConfigPB0              0x1'c2a8    0x4  Data  Lc  Mcu_PBcfg.o [1]
SOSC_ClockConfigPB0_0      0x1'c0e4   0x18  Data  Lc  Mcu_PBcfg.o [1]
SPLL_ClockConfigPB0_0      0x1'c12c   0x18  Data  Lc  Mcu_PBcfg.o [1]
SchM_Deinit                  0x2749   0x10  Code  Gb  Rte.o [1]
SchM_Enter_CanIf_CANIF_EXCLUSIVE_AREA_0
                              0x68f   0x18  Code  Gb  BrsAsrMain.o [1]
SchM_Enter_CanSM_CANSM_EXCLUSIVE_AREA_1
                              0x6c5    0x2  Code  Gb  BrsAsrMain.o [1]
SchM_Enter_Can_CAN_EXCLUSIVE_AREA_6
                              0x65f   0x18  Code  Gb  BrsAsrMain.o [1]
SchM_Enter_ComM_COMM_EXCLUSIVE_AREA_1
                              0x6c9    0x2  Code  Gb  BrsAsrMain.o [1]
SchM_Exit_CanIf_CANIF_EXCLUSIVE_AREA_0
                              0x6a7   0x18  Code  Gb  BrsAsrMain.o [1]
SchM_Exit_CanSM_CANSM_EXCLUSIVE_AREA_1
                              0x6c7    0x2  Code  Gb  BrsAsrMain.o [1]
SchM_Exit_Can_CAN_EXCLUSIVE_AREA_6
                              0x677   0x18  Code  Gb  BrsAsrMain.o [1]
SchM_Exit_ComM_COMM_EXCLUSIVE_AREA_1
                              0x6cb    0x2  Code  Gb  BrsAsrMain.o [1]
SchM_Init                    0x26f9   0x1e  Code  Gb  Rte.o [1]
SetRelAlarm                0x1'0561   0x5e  Code  Gb  Os_Trap.o [1]
ShutdownOS                 0x1'0199   0x38  Code  Gb  Os_Trap.o [1]
StartOS                    0x1'018f    0xa  Code  Gb  Os_Trap.o [1]
Startup_Code$$Base            0x628          --   Gb  - Linker created -
Startup_Code$$Limit           0x628          --   Gb  - Linker created -
Startup_Stack$$Base     0x1fff'a000          --   Gb  - Linker created -
Startup_Stack$$Limit    0x1fff'a800          --   Gb  - Linker created -
SuspendAllInterrupts       0x1'01d1   0x2e  Code  Gb  Os_Trap.o [1]
SuspendOSInterrupts        0x1'022d   0x2e  Code  Gb  Os_Trap.o [1]
SystemInit                   0x61c9   0x1a  Code  Gb  system_S32K148.o [1]
TerminateTask              0x1'032b   0x3c  Code  Gb  Os_Trap.o [1]
Timer_ISR                    0x4f81   0xb0  Code  Gb  Ct_LEDCtrl.o [1]
VStdLib_Loc_MemCpy_32_Aligned
                             0x528d   0x84  Code  Lc  vstdlib.o [1]
VStdLib_Loc_MemCpy_32_Unaligned
                             0x5355  0x204  Code  Lc  vstdlib.o [1]
VStdLib_Loc_MemCpy_8_3       0x5191   0x1c  Code  Lc  vstdlib.o [1]
VStdLib_Loc_MemCpy_8_31
                             0x51ad   0xe0  Code  Lc  vstdlib.o [1]
VStdLib_Loc_MemCpy_8_PartialWord
                             0x5311   0x44  Code  Lc  vstdlib.o [1]
VStdLib_Loc_MemSet_32_Aligned
                             0x5115   0x7c  Code  Lc  vstdlib.o [1]
VStdLib_Loc_MemSet_8_3       0x505d   0x16  Code  Lc  vstdlib.o [1]
VStdLib_Loc_MemSet_8_31
                             0x5073   0xa2  Code  Lc  vstdlib.o [1]
VStdLib_MemCpy               0x55a3   0x5e  Code  Gb  vstdlib.o [1]
VStdLib_MemSet               0x5559   0x4a  Code  Gb  vstdlib.o [1]
WaitEvent                  0x1'041f   0x4c  Code  Gb  Os_Trap.o [1]
_Code_Default_LIMIT          0x6310         Data  Gb  <internal module>
_Code_Default_START           0x628         Data  Gb  <internal module>
_Const_Default_LIMIT       0x1'c8ec         Data  Gb  <internal module>
_Const_Default_START       0x1'bdfc         Data  Gb  <internal module>
_Data_Default_INIT_LIMIT
                        0x1fff'b01c         Data  Gb  <internal module>
_Data_Default_INIT_START
                        0x1fff'b01c         Data  Gb  <internal module>
_Data_Default_LIMIT     0x1fff'b01c         Data  Gb  <internal module>
_Data_Default_START     0x1fff'aedc         Data  Gb  <internal module>
_Data_Default_VAR_ALL_LIMIT
                        0x1fff'b01c         Data  Gb  <internal module>
_Data_Default_VAR_ALL_START
                        0x1fff'aedc         Data  Gb  <internal module>
_Heap_Default_LIMIT     0x1fff'b01c         Data  Gb  <internal module>
_Heap_Default_START     0x1fff'b01c         Data  Gb  <internal module>
_Heap_Default_VAR_ALL_LIMIT
                        0x1fff'b01c         Data  Gb  <internal module>
_Heap_Default_VAR_ALL_START
                        0x1fff'b01c         Data  Gb  <internal module>
_OS_CODE_LIMIT             0x1'b55c         Data  Gb  <internal module>
_OS_CODE_START               0x6310         Data  Gb  <internal module>
_OS_CONST_LIMIT            0x1'bdfc         Data  Gb  <internal module>
_OS_CONST_START            0x1'b55c         Data  Gb  <internal module>
_OS_DATA_CORE0_NOINIT_LIMIT
                        0x1fff'aeb9         Data  Gb  <internal module>
_OS_DATA_CORE0_NOINIT_START
                        0x1fff'a800         Data  Gb  <internal module>
_OS_DATA_CORE0_VAR_ALL_LIMIT
                        0x1fff'aeb9         Data  Gb  <internal module>
_OS_DATA_CORE0_VAR_ALL_START
                        0x1fff'a800         Data  Gb  <internal module>
_OS_DATA_SHARED_INIT_LIMIT
                        0x1fff'aedc         Data  Gb  <internal module>
_OS_DATA_SHARED_INIT_START
                        0x1fff'aedc         Data  Gb  <internal module>
_OS_DATA_SHARED_NOINIT_LIMIT
                        0x1fff'aedc         Data  Gb  <internal module>
_OS_DATA_SHARED_NOINIT_START
                        0x1fff'aebc         Data  Gb  <internal module>
_OS_DATA_SHARED_VAR_ALL_LIMIT
                        0x1fff'aedc         Data  Gb  <internal module>
_OS_DATA_SHARED_VAR_ALL_START
                        0x1fff'aebc         Data  Gb  <internal module>
_OS_DATA_SHARED_ZERO_INIT_LIMIT
                        0x1fff'aedc         Data  Gb  <internal module>
_OS_DATA_SHARED_ZERO_INIT_START
                        0x1fff'aedc         Data  Gb  <internal module>
_OS_EXCVEC_CORE0_CODE_LIMIT
                              0x500         Data  Gb  <internal module>
_OS_EXCVEC_CORE0_CODE_START
                              0x500         Data  Gb  <internal module>
_OS_EXCVEC_CORE0_CONST_LIMIT
                                0x0         Data  Gb  <internal module>
_OS_EXCVEC_CORE0_CONST_START
                                0x0         Data  Gb  <internal module>
_OS_INTVEC_CODE_LIMIT         0x500         Data  Gb  <internal module>
_OS_INTVEC_CODE_START         0x500         Data  Gb  <internal module>
_OS_INTVEC_CORE0_CODE_LIMIT
                              0x628         Data  Gb  <internal module>
_OS_INTVEC_CORE0_CODE_START
                              0x500         Data  Gb  <internal module>
_OS_INTVEC_CORE0_CONST_LIMIT
                              0x3c0         Data  Gb  <internal module>
_OS_INTVEC_CORE0_CONST_START
                                0x0         Data  Gb  <internal module>
_OS_STACKS_CORE0_NOINIT_LIMIT
                        0x1fff'a000         Data  Gb  <internal module>
_OS_STACKS_CORE0_NOINIT_START
                        0x1fff'8000         Data  Gb  <internal module>
_OS_STACKS_CORE0_VAR_ALL_LIMIT
                        0x1fff'a000         Data  Gb  <internal module>
_OS_STACKS_CORE0_VAR_ALL_START
                        0x1fff'8000         Data  Gb  <internal module>
_OS_SystemApplication_OsCore0_NOINIT_LIMIT
                        0x1fff'a000         Data  Gb  <internal module>
_OS_SystemApplication_OsCore0_NOINIT_START
                        0x1fff'a000         Data  Gb  <internal module>
_OS_SystemApplication_OsCore0_VAR_ALL_LIMIT
                        0x1fff'a000         Data  Gb  <internal module>
_OS_SystemApplication_OsCore0_VAR_ALL_START
                        0x1fff'a000         Data  Gb  <internal module>
_Startup_Code_LIMIT           0x628         Data  Gb  <internal module>
_Startup_Code_START           0x628         Data  Gb  <internal module>
_Startup_Stack_LIMIT    0x1fff'a800         Data  Gb  <internal module>
_Startup_Stack_START    0x1fff'a000         Data  Gb  <internal module>
_Startup_Stack_VAR_ALL_LIMIT
                        0x1fff'a800         Data  Gb  <internal module>
_Startup_Stack_VAR_ALL_START
                        0x1fff'a000         Data  Gb  <internal module>
__CODE_RAM$$Base                0x0          --   Gb  - Linker created -
__CODE_ROM$$Base                0x0          --   Gb  - Linker created -
__CODE_ROM$$Limit               0x0          --   Gb  - Linker created -
__Code_Default_LIMIT         0x6310         Data  Gb  <internal module>
__Code_Default_START          0x628         Data  Gb  <internal module>
__Const_Default_LIMIT      0x1'c8ec         Data  Gb  <internal module>
__Const_Default_START      0x1'bdfc         Data  Gb  <internal module>
__Data_Default_INIT_LIMIT
                        0x1fff'b01c         Data  Gb  <internal module>
__Data_Default_INIT_START
                        0x1fff'b01c         Data  Gb  <internal module>
__Data_Default_LIMIT    0x1fff'b01c         Data  Gb  <internal module>
__Data_Default_START    0x1fff'aedc         Data  Gb  <internal module>
__Heap_Default_LIMIT    0x1fff'b01c         Data  Gb  <internal module>
__Heap_Default_START    0x1fff'b01c         Data  Gb  <internal module>
__OS_CODE_LIMIT            0x1'b55c         Data  Gb  <internal module>
__OS_CODE_START              0x6310         Data  Gb  <internal module>
__OS_CONST_LIMIT           0x1'bdfc         Data  Gb  <internal module>
__OS_CONST_START           0x1'b55c         Data  Gb  <internal module>
__OS_DATA_CORE0_NOINIT_LIMIT
                        0x1fff'aeb9         Data  Gb  <internal module>
__OS_DATA_CORE0_NOINIT_START
                        0x1fff'a800         Data  Gb  <internal module>
__OS_DATA_SHARED_INIT_LIMIT
                        0x1fff'aedc         Data  Gb  <internal module>
__OS_DATA_SHARED_INIT_START
                        0x1fff'aedc         Data  Gb  <internal module>
__OS_DATA_SHARED_NOINIT_LIMIT
                        0x1fff'aedc         Data  Gb  <internal module>
__OS_DATA_SHARED_NOINIT_START
                        0x1fff'aebc         Data  Gb  <internal module>
__OS_DATA_SHARED_ZERO_INIT_LIMIT
                        0x1fff'aedc         Data  Gb  <internal module>
__OS_DATA_SHARED_ZERO_INIT_START
                        0x1fff'aedc         Data  Gb  <internal module>
__OS_EXCVEC_CORE0_CODE_LIMIT
                              0x500         Data  Gb  <internal module>
__OS_EXCVEC_CORE0_CODE_START
                              0x500         Data  Gb  <internal module>
__OS_EXCVEC_CORE0_CONST_LIMIT
                                0x0         Data  Gb  <internal module>
__OS_EXCVEC_CORE0_CONST_START
                                0x0         Data  Gb  <internal module>
__OS_INTVEC_CODE_LIMIT        0x500         Data  Gb  <internal module>
__OS_INTVEC_CODE_START        0x500         Data  Gb  <internal module>
__OS_INTVEC_CORE0_CODE_LIMIT
                              0x628         Data  Gb  <internal module>
__OS_INTVEC_CORE0_CODE_START
                              0x500         Data  Gb  <internal module>
__OS_INTVEC_CORE0_CONST_LIMIT
                              0x3c0         Data  Gb  <internal module>
__OS_INTVEC_CORE0_CONST_START
                                0x0         Data  Gb  <internal module>
__OS_STACKS_CORE0_NOINIT_LIMIT
                        0x1fff'a000         Data  Gb  <internal module>
__OS_STACKS_CORE0_NOINIT_START
                        0x1fff'8000         Data  Gb  <internal module>
__OS_SystemApplication_OsCore0_NOINIT_LIMIT
                        0x1fff'a000         Data  Gb  <internal module>
__OS_SystemApplication_OsCore0_NOINIT_START
                        0x1fff'a000         Data  Gb  <internal module>
__RAM_VECTOR_TABLE_SIZE {Abs}
                              0x400         Data  Gb  <internal module>
__Startup_Code_LIMIT          0x628         Data  Gb  <internal module>
__Startup_Code_START          0x628         Data  Gb  <internal module>
__Startup_Stack_LIMIT   0x1fff'a800         Data  Gb  <internal module>
__Startup_Stack_START   0x1fff'a000         Data  Gb  <internal module>
__VECTOR_RAM {Abs}      0x1fff'8000         Data  Gb  <internal module>
__VECTOR_TABLE {Abs}            0x0         Data  Gb  <internal module>
__Vectors                  0x1'c4e8          --   Gb  startup_S32K148.o [1]
__Vectors_End              0x1'c8e8         Data  Gb  startup_S32K148.o [1]
__Vectors_Size {Abs}          0x400          --   Gb  startup_S32K148.o [1]
__aeabi_memcpy4              0x61f5         Code  Gb  ABImemcpy.o [3]
__aeabi_memcpy8              0x61f5         Code  Gb  ABImemcpy.o [3]
__cmain                      0x627d         Code  Gb  cmain.o [3]
__exit                       0x62b1   0x14  Code  Gb  exit.o [4]
__iar_program_start          0x6305         Code  Gb  cstartup_M.o [3]
__low_level_init             0x629b    0x4  Code  Gb  low_level_init.o [2]
__vector_table             0x1'c4e8         Data  Gb  startup_S32K148.o [1]
__vector_table_0x1c        0x1'c504         Data  Gb  startup_S32K148.o [1]
_call_main                   0x6289         Code  Gb  cmain.o [3]
_exit                        0x62a5         Code  Gb  cexit.o [3]
_main                        0x6297         Code  Gb  cmain.o [3]
canConfigInitFlag       0x1fff'aff9    0x1  Data  Lc  Can.o [1]
canRxTaskActive         0x1fff'aff8    0x1  Data  Lc  Can.o [1]
detModuleInit           0x1fff'b009    0x1  Data  Lc  Det.o [1]
exit                         0x629f    0x4  Code  Gb  exit.o [2]
init_data_bss                0x60c9   0xc4  Code  Gb  startup.o [1]
led_step                0x1fff'b007    0x1  Data  Gb  Ct_LEDCtrl.o [1]
main                          0x64d   0x12  Code  Gb  BrsAsrMain.o [1]
msg_0x200_Callout            0x60a5    0xc  Code  Gb  IPDU_Callout.o [1]
msg_0x200_cnt           0x1fff'b00f    0x1  Data  Gb  IPDU_Callout.o [1]
msg_0x210_Callout            0x60b1    0xc  Code  Gb  IPDU_Callout.o [1]
msg_0x210_cnt           0x1fff'b010    0x1  Data  Gb  IPDU_Callout.o [1]
msg_0x511_Callout            0x6099    0xc  Code  Gb  IPDU_Callout.o [1]
msg_0x511_cnt           0x1fff'b011    0x1  Data  Gb  IPDU_Callout.o [1]


[1] = D:\NXP_S32K144_AutoSAR_Development\NXP_S32K144_AutoSAR_Development\01_Software\IAR\Debug\Obj
[2] = dl7M_tln.a
[3] = rt7M_tl.a
[4] = shb_l.a

  111'724 bytes of readonly  code memory
    4'925 bytes of readonly  data memory
   12'296 bytes of readwrite data memory

Errors: none
Warnings: none
